Component: Arm Compiler for Embedded 6.19 Tool: armlink [5e73cb00]

==============================================================================

Section Cross References

    startup_stm32f103xb.o(STACK) refers (Special) to heapauxi.o(.text) for __use_two_region_memory
    startup_stm32f103xb.o(HEAP) refers (Special) to heapauxi.o(.text) for __use_two_region_memory
    startup_stm32f103xb.o(RESET) refers (Special) to heapauxi.o(.text) for __use_two_region_memory
    startup_stm32f103xb.o(RESET) refers to startup_stm32f103xb.o(STACK) for __initial_sp
    startup_stm32f103xb.o(RESET) refers to startup_stm32f103xb.o(.text) for Reset_Handler
    startup_stm32f103xb.o(RESET) refers to stm32f1xx_it.o(.text.NMI_Handler) for NMI_Handler
    startup_stm32f103xb.o(RESET) refers to stm32f1xx_it.o(.text.HardFault_Handler) for HardFault_Handler
    startup_stm32f103xb.o(RESET) refers to stm32f1xx_it.o(.text.MemManage_Handler) for MemManage_Handler
    startup_stm32f103xb.o(RESET) refers to stm32f1xx_it.o(.text.BusFault_Handler) for BusFault_Handler
    startup_stm32f103xb.o(RESET) refers to stm32f1xx_it.o(.text.UsageFault_Handler) for UsageFault_Handler
    startup_stm32f103xb.o(RESET) refers to port.o(.text.SVC_Handler) for SVC_Handler
    startup_stm32f103xb.o(RESET) refers to stm32f1xx_it.o(.text.DebugMon_Handler) for DebugMon_Handler
    startup_stm32f103xb.o(RESET) refers to port.o(.text.PendSV_Handler) for PendSV_Handler
    startup_stm32f103xb.o(RESET) refers to port.o(.text.SysTick_Handler) for SysTick_Handler
    startup_stm32f103xb.o(RESET) refers to stm32f1xx_it.o(.text.TIM1_CC_IRQHandler) for TIM1_CC_IRQHandler
    startup_stm32f103xb.o(RESET) refers to stm32f1xx_it.o(.text.TIM4_IRQHandler) for TIM4_IRQHandler
    startup_stm32f103xb.o(RESET) refers to stm32f1xx_it.o(.text.USART2_IRQHandler) for USART2_IRQHandler
    startup_stm32f103xb.o(RESET) refers to stm32f1xx_it.o(.text.USART3_IRQHandler) for USART3_IRQHandler
    startup_stm32f103xb.o(.text) refers (Special) to heapauxi.o(.text) for __use_two_region_memory
    startup_stm32f103xb.o(.text) refers to system_stm32f1xx.o(.text.SystemInit) for SystemInit
    startup_stm32f103xb.o(.text) refers to __main.o(!!!main) for __main
    startup_stm32f103xb.o(.text) refers to startup_stm32f103xb.o(HEAP) for Heap_Mem
    startup_stm32f103xb.o(.text) refers to startup_stm32f103xb.o(STACK) for Stack_Mem
    gpio.o(.text.MX_GPIO_Init) refers to stm32f1xx_hal_gpio.o(.text.HAL_GPIO_WritePin) for HAL_GPIO_WritePin
    gpio.o(.text.MX_GPIO_Init) refers to stm32f1xx_hal_gpio.o(.text.HAL_GPIO_Init) for HAL_GPIO_Init
    gpio.o(.ARM.exidx.text.MX_GPIO_Init) refers to gpio.o(.text.MX_GPIO_Init) for [Anonymous Symbol]
    freertos.o(.text.MX_FREERTOS_Init) refers to freertos.o(.text.StartDefaultTask) for StartDefaultTask
    freertos.o(.text.MX_FREERTOS_Init) refers to freertos.o(.rodata.defaultTask_attributes) for defaultTask_attributes
    freertos.o(.text.MX_FREERTOS_Init) refers to cmsis_os2.o(.text.osThreadNew) for osThreadNew
    freertos.o(.text.MX_FREERTOS_Init) refers to freertos.o(.bss.defaultTaskHandle) for defaultTaskHandle
    freertos.o(.ARM.exidx.text.MX_FREERTOS_Init) refers to freertos.o(.text.MX_FREERTOS_Init) for [Anonymous Symbol]
    freertos.o(.text.StartDefaultTask) refers to stm32f1xx_hal_gpio.o(.text.HAL_GPIO_TogglePin) for HAL_GPIO_TogglePin
    freertos.o(.text.StartDefaultTask) refers to cmsis_os2.o(.text.osDelay) for osDelay
    freertos.o(.ARM.exidx.text.StartDefaultTask) refers to freertos.o(.text.StartDefaultTask) for [Anonymous Symbol]
    freertos.o(.rodata.defaultTask_attributes) refers to freertos.o(.rodata.str1.1) for [Anonymous Symbol]
    adc.o(.text.MX_ADC1_Init) refers to adc.o(.bss.hadc1) for hadc1
    adc.o(.text.MX_ADC1_Init) refers to stm32f1xx_hal_adc.o(.text.HAL_ADC_Init) for HAL_ADC_Init
    adc.o(.text.MX_ADC1_Init) refers to main.o(.text.Error_Handler) for Error_Handler
    adc.o(.text.MX_ADC1_Init) refers to stm32f1xx_hal_adc.o(.text.HAL_ADC_ConfigChannel) for HAL_ADC_ConfigChannel
    adc.o(.ARM.exidx.text.MX_ADC1_Init) refers to adc.o(.text.MX_ADC1_Init) for [Anonymous Symbol]
    adc.o(.text.HAL_ADC_MspInit) refers to stm32f1xx_hal_gpio.o(.text.HAL_GPIO_Init) for HAL_GPIO_Init
    adc.o(.ARM.exidx.text.HAL_ADC_MspInit) refers to adc.o(.text.HAL_ADC_MspInit) for [Anonymous Symbol]
    adc.o(.text.HAL_ADC_MspDeInit) refers to stm32f1xx_hal_gpio.o(.text.HAL_GPIO_DeInit) for HAL_GPIO_DeInit
    adc.o(.ARM.exidx.text.HAL_ADC_MspDeInit) refers to adc.o(.text.HAL_ADC_MspDeInit) for [Anonymous Symbol]
    tim.o(.text.MX_TIM1_Init) refers to tim.o(.bss.htim1) for htim1
    tim.o(.text.MX_TIM1_Init) refers to stm32f1xx_hal_tim.o(.text.HAL_TIM_Base_Init) for HAL_TIM_Base_Init
    tim.o(.text.MX_TIM1_Init) refers to main.o(.text.Error_Handler) for Error_Handler
    tim.o(.text.MX_TIM1_Init) refers to stm32f1xx_hal_tim.o(.text.HAL_TIM_ConfigClockSource) for HAL_TIM_ConfigClockSource
[...]
    [Anonymous Symbol]                       0x0800480c   Section        0  list.o(.text.vListInsertEnd)
    [Anonymous Symbol]                       0x08004828   Section        0  port.o(.text.vPortEnterCritical)
    [Anonymous Symbol]                       0x08004870   Section        0  port.o(.text.vPortExitCritical)
    [Anonymous Symbol]                       0x080048a0   Section        0  heap_4.o(.text.vPortFree)
    [Anonymous Symbol]                       0x0800496c   Section        0  port.o(.text.vPortSetupTimerInterrupt)
    [Anonymous Symbol]                       0x080049a0   Section        0  queue.o(.text.vQueueAddToRegistry)
    [Anonymous Symbol]                       0x08004a50   Section        0  queue.o(.text.vQueueWaitForMessageRestricted)
    [Anonymous Symbol]                       0x08004aa4   Section        0  tasks.o(.text.vTaskDelay)
    [Anonymous Symbol]                       0x08004b24   Section        0  tasks.o(.text.vTaskInternalSetTimeOutState)
    [Anonymous Symbol]                       0x08004b38   Section        0  tasks.o(.text.vTaskMissedYield)
    [Anonymous Symbol]                       0x08004b48   Section        0  tasks.o(.text.vTaskPlaceOnEventList)
    [Anonymous Symbol]                       0x08004bbc   Section        0  tasks.o(.text.vTaskPlaceOnEventListRestricted)
    [Anonymous Symbol]                       0x08004c38   Section        0  tasks.o(.text.vTaskStartScheduler)
    [Anonymous Symbol]                       0x08004d24   Section        0  tasks.o(.text.vTaskSuspendAll)
    [Anonymous Symbol]                       0x08004d34   Section        0  tasks.o(.text.vTaskSwitchContext)
    [Anonymous Symbol]                       0x08004df0   Section        0  port.o(.text.xPortStartScheduler)
    [Anonymous Symbol]                       0x08004f1c   Section        0  queue.o(.text.xQueueGenericCreateStatic)
    [Anonymous Symbol]                       0x08004ff8   Section        0  queue.o(.text.xQueueGenericSend)
    [Anonymous Symbol]                       0x08005224   Section        0  queue.o(.text.xQueueReceive)
    [Anonymous Symbol]                       0x080053c8   Section        0  tasks.o(.text.xTaskCheckForTimeOut)
    [Anonymous Symbol]                       0x0800546c   Section        0  tasks.o(.text.xTaskCreate)
    [Anonymous Symbol]                       0x080054cc   Section        0  tasks.o(.text.xTaskCreateStatic)
    [Anonymous Symbol]                       0x08005540   Section        0  tasks.o(.text.xTaskGetSchedulerState)
    [Anonymous Symbol]                       0x08005560   Section        0  tasks.o(.text.xTaskGetTickCount)
    [Anonymous Symbol]                       0x0800556c   Section        0  tasks.o(.text.xTaskIncrementTick)
    [Anonymous Symbol]                       0x08005668   Section        0  tasks.o(.text.xTaskPriorityDisinherit)
    [Anonymous Symbol]                       0x080056f4   Section        0  tasks.o(.text.xTaskRemoveFromEventList)
    [Anonymous Symbol]                       0x08005768   Section        0  tasks.o(.text.xTaskResumeAll)
    [Anonymous Symbol]                       0x08005858   Section        0  timers.o(.text.xTimerCreateTimerTask)
    HAL_RCC_GetSysClockFreq.aPredivFactorTable 0x08005924   Data           2  stm32f1xx_hal_rcc.o(.rodata.HAL_RCC_GetSysClockFreq.aPredivFactorTable)
    [Anonymous Symbol]                       0x08005924   Section        0  stm32f1xx_hal_rcc.o(.rodata.HAL_RCC_GetSysClockFreq.aPredivFactorTable)
    HAL_RCC_GetSysClockFreq.aPLLMULFactorTable 0x0800593d   Data          16  stm32f1xx_hal_rcc.o(.rodata.cst16)
    [Anonymous Symbol]                       0x0800593d   Section        0  stm32f1xx_hal_rcc.o(.rodata.cst16)
    [Anonymous Symbol]                       0x08005974   Section        0  freertos.o(.rodata.str1.1)
    .L.str                                   0x08005980   Data           8  main.o(.rodata.str1.1)
    [Anonymous Symbol]                       0x08005980   Section        0  main.o(.rodata.str1.1)
    .L.str.1                                 0x08005988   Data           5  timers.o(.rodata.str1.1)
    [Anonymous Symbol]                       0x08005988   Section        0  timers.o(.rodata.str1.1)
    .data                                    0x20000000   Section        4  stdio_streams.o(.data)
    .data                                    0x20000004   Section        4  stdio_streams.o(.data)
    .data                                    0x20000008   Section        4  stdio_streams.o(.data)
    .L_MergedGlobals                         0x2000000c   Data           8  stm32f1xx_hal.o(.data..L_MergedGlobals)
    [Anonymous Symbol]                       0x2000000c   Section        0  stm32f1xx_hal.o(.data..L_MergedGlobals)
    uxCriticalNesting                        0x20000018   Data           4  port.o(.data.uxCriticalNesting)
    [Anonymous Symbol]                       0x20000018   Section        0  port.o(.data.uxCriticalNesting)
    .bss                                     0x20000020   Section       84  stdio_streams.o(.bss)
    .bss                                     0x20000074   Section       84  stdio_streams.o(.bss)
    .bss                                     0x200000c8   Section       84  stdio_streams.o(.bss)
    .bss                                     0x2000011c   Section       96  libspace.o(.bss)
    .L_MergedGlobals                         0x2000017c   Data         120  tasks.o(.bss..L_MergedGlobals)
    [Anonymous Symbol]                       0x2000017c   Section        0  tasks.o(.bss..L_MergedGlobals)
    uxTaskNumber                             0x20000180   Data           4  tasks.o(.bss..L_MergedGlobals)
    uxDeletedTasksWaitingCleanUp             0x20000184   Data           4  tasks.o(.bss..L_MergedGlobals)
    uxCurrentNumberOfTasks                   0x20000188   Data           4  tasks.o(.bss..L_MergedGlobals)
    xSchedulerRunning                        0x2000018c   Data           4  tasks.o(.bss..L_MergedGlobals)
    uxSchedulerSuspended                     0x20000190   Data           4  tasks.o(.bss..L_MergedGlobals)
    xTickCount                               0x20000194   Data           4  tasks.o(.bss..L_MergedGlobals)
    pxDelayedTaskList                        0x20000198   Data           4  tasks.o(.bss..L_MergedGlobals)
    pxOverflowDelayedTaskList                0x2000019c   Data           4  tasks.o(.bss..L_MergedGlobals)
    uxTopReadyPriority                       0x200001a0   Data           4  tasks.o(.bss..L_MergedGlobals)
    xIdleTaskHandle                          0x200001a4   Data           4  tasks.o(.bss..L_MergedGlobals)
    xNextTaskUnblockTime                     0x200001a8   Data           4  tasks.o(.bss..L_MergedGlobals)
    xYieldPending                            0x200001ac   Data           4  tasks.o(.bss..L_MergedGlobals)
    uxPendedTicks                            0x200001b0   Data           4  tasks.o(.bss..L_MergedGlobals)
    xNumOfOverflows                          0x200001b4   Data           4  tasks.o(.bss..L_MergedGlobals)
    xTasksWaitingTermination                 0x200001b8   Data          20  tasks.o(.bss..L_MergedGlobals)
    xSuspendedTaskList                       0x200001cc   Data          20  tasks.o(.bss..L_MergedGlobals)
    xPendingReadyList                        0x200001e0   Data          20  tasks.o(.bss..L_MergedGlobals)
    .L_MergedGlobals                         0x200001f4   Data          60  timers.o(.bss..L_MergedGlobals)
    xTimerQueue                              0x200001f4   Data           4  timers.o(.bss..L_MergedGlobals)
    [Anonymous Symbol]                       0x200001f4   Section        0  timers.o(.bss..L_MergedGlobals)
    xTimerTaskHandle                         0x200001f8   Data           4  timers.o(.bss..L_MergedGlobals)
    pxCurrentTimerList                       0x200001fc   Data           4  timers.o(.bss..L_MergedGlobals)
    pxOverflowTimerList                      0x20000200   Data           4  timers.o(.bss..L_MergedGlobals)
    prvSampleTimeNow.xLastTime               0x20000204   Data           4  timers.o(.bss..L_MergedGlobals)
    xActiveTimerList1                        0x20000208   Data          20  timers.o(.bss..L_MergedGlobals)
    xActiveTimerList2                        0x2000021c   Data          20  timers.o(.bss..L_MergedGlobals)
    .L_MergedGlobals                         0x20000230   Data          24  heap_4.o(.bss..L_MergedGlobals)
    xBlockAllocatedBit                       0x20000230   Data           1  heap_4.o(.bss..L_MergedGlobals)
    [Anonymous Symbol]                       0x20000230   Section        0  heap_4.o(.bss..L_MergedGlobals)
    pxEnd                                    0x20000234   Data           4  heap_4.o(.bss..L_MergedGlobals)
    xFreeBytesRemaining                      0x20000238   Data           4  heap_4.o(.bss..L_MergedGlobals)
    xMinimumEverFreeBytesRemaining           0x2000023c   Data           4  heap_4.o(.bss..L_MergedGlobals)
    xStart                                   0x20000240   Data           8  heap_4.o(.bss..L_MergedGlobals)
    .L_MergedGlobals                         0x20000248   Data           8  port.o(.bss..L_MergedGlobals)
    ucMaxSysCallPriority                     0x20000248   Data           1  port.o(.bss..L_MergedGlobals)
    [Anonymous Symbol]                       0x20000248   Section        0  port.o(.bss..L_MergedGlobals)
    ulMaxPRIGROUPValue                       0x2000024c   Data           4  port.o(.bss..L_MergedGlobals)
    .L_MergedGlobals.1                       0x20000250   Data          40  tasks.o(.bss..L_MergedGlobals.1)
    xDelayedTaskList1                        0x20000250   Data          20  tasks.o(.bss..L_MergedGlobals.1)
    [Anonymous Symbol]                       0x20000250   Section        0  tasks.o(.bss..L_MergedGlobals.1)
    xDelayedTaskList2                        0x20000264   Data          20  tasks.o(.bss..L_MergedGlobals.1)
    Idle_Stack                               0x20000278   Data         512  cmsis_os2.o(.bss.Idle_Stack)
    [Anonymous Symbol]                       0x20000278   Section        0  cmsis_os2.o(.bss.Idle_Stack)
    Idle_TCB                                 0x20000478   Data          92  cmsis_os2.o(.bss.Idle_TCB)
    [Anonymous Symbol]                       0x20000478   Section        0  cmsis_os2.o(.bss.Idle_TCB)
    KernelState                              0x200004d4   Data           4  cmsis_os2.o(.bss.KernelState)
    [Anonymous Symbol]                       0x200004d4   Section        0  cmsis_os2.o(.bss.KernelState)
    Timer_Stack                              0x200004d8   Data        1024  cmsis_os2.o(.bss.Timer_Stack)
    [Anonymous Symbol]                       0x200004d8   Section        0  cmsis_os2.o(.bss.Timer_Stack)
    Timer_TCB                                0x200008d8   Data          92  cmsis_os2.o(.bss.Timer_TCB)
    [Anonymous Symbol]                       0x200008d8   Section        0  cmsis_os2.o(.bss.Timer_TCB)
    prvCheckForValidListAndQueue.ucStaticTimerQueueStorage 0x20000ae8   Data         160  timers.o(.bss.prvCheckForValidListAndQueue.ucStaticTimerQueueStorage)
    [Anonymous Symbol]                       0x20000ae8   Section        0  timers.o(.bss.prvCheckForValidListAndQueue.ucStaticTimerQueueStorage)
    prvCheckForValidListAndQueue.xStaticTimerQueue 0x20000b88   Data          80  timers.o(.bss.prvCheckForValidListAndQueue.xStaticTimerQueue)
    [Anonymous Symbol]                       0x20000b88   Section        0  timers.o(.bss.prvCheckForValidListAndQueue.xStaticTimerQueue)
    pxReadyTasksLists                        0x20000bd8   Data        1120  tasks.o(.bss.pxReadyTasksLists)
    [Anonymous Symbol]                       0x20000bd8   Section        0  tasks.o(.bss.pxReadyTasksLists)
    ucHeap                                   0x20001038   Data        3072  heap_4.o(.bss.ucHeap)
    [Anonymous Symbol]                       0x20001038   Section        0  heap_4.o(.bss.ucHeap)
    Heap_Mem                                 0x20001c80   Data         512  startup_stm32f103xb.o(HEAP)
    HEAP                                     0x20001c80   Section      512  startup_stm32f103xb.o(HEAP)
    Stack_Mem                                0x20001e80   Data        1024  startup_stm32f103xb.o(STACK)
    STACK                                    0x20001e80   Section     1024  startup_stm32f103xb.o(STACK)
    __initial_sp                             0x20002280   Data           0  startup_stm32f103xb.o(STACK)

    Global Symbols

    Symbol Name                              Value     Ov Type        Size  Object(Section)

    BuildAttributes$$THM_ISAv4$P$D$K$B$S$PE$A:L22UL41UL21$X:L11$S22US41US21$IEEE1$IW$~IW$USESV6$~STKCKD$USESV7$~SHL$OTIME$ROPI$EBA8$UX$STANDARDLIB$REQ8$PRES8$EABIv2 0x00000000   Number         0  anon$$obj.o ABSOLUTE
    __fp_init_empty                          0x00000000   Number         0  fpinit_empty.o ABSOLUTE
    __ARM_exceptions_init                     - Undefined Weak Reference
    __alloca_initialize                       - Undefined Weak Reference
    __arm_preinit_                            - Undefined Weak Reference
    __arm_relocate_pie_                       - Undefined Weak Reference
    __cpp_initialize__aeabi_                  - Undefined Weak Reference
    __cxa_finalize                            - Undefined Weak Reference
    __rt_locale                               - Undefined Weak Reference
    __sigvec_lookup                           - Undefined Weak Reference
    __user_heap_extent                        - Undefined Weak Reference
    _atexit_init                              - Undefined Weak Reference
    _call_atexit_fns                          - Undefined Weak Reference
    _clock_init                               - Undefined Weak Reference
    _fp_trap_init                             - Undefined Weak Reference
    _fp_trap_shutdown                         - Undefined Weak Reference
    _get_lc_collate                           - Undefined Weak Reference
    _get_lc_ctype                             - Undefined Weak Reference
    _get_lc_monetary                          - Undefined Weak Reference
    _get_lc_numeric                           - Undefined Weak Reference
    _get_lc_time                              - Undefined Weak Reference
    _getenv_init                              - Undefined Weak Reference
    _handle_redirection                       - Undefined Weak Reference
    _mutex_acquire                            - Undefined Weak Reference
    _mutex_free                               - Undefined Weak Reference
    _mutex_release                            - Undefined Weak Reference
    _printf_post_padding                      - Undefined Weak Reference
    _printf_pre_padding                       - Undefined Weak Reference
    _printf_truncate_signed                   - Undefined Weak Reference
    _printf_truncate_unsigned                 - Undefined Weak Reference
    _rand_init                                - Undefined Weak Reference
    _signal_finish                            - Undefined Weak Reference
    _signal_init                              - Undefined Weak Reference
    __Vectors_Size                           0x000000ec   Number         0  startup_stm32f103xb.o ABSOLUTE
    __Vectors                                0x08000000   Data           4  startup_stm32f103xb.o(RESET)
    __Vectors_End                            0x080000ec   Data           0  startup_stm32f103xb.o(RESET)
    __main                                   0x080000ed   Thumb Code     8  __main.o(!!!main)
    __scatterload                            0x080000f5   Thumb Code     0  __scatter.o(!!!scatter)
    __scatterload_rt2                        0x080000f5   Thumb Code    44  __scatter.o(!!!scatter)
    __scatterload_rt2_thumb_only             0x080000f5   Thumb Code     0  __scatter.o(!!!scatter)
    __scatterload_null                       0x08000103   Thumb Code     0  __scatter.o(!!!scatter)
    __scatterload_copy                       0x08000129   Thumb Code    26  __scatter_copy.o(!!handler_copy)
    __scatterload_zeroinit                   0x08000145   Thumb Code    28  __scatter_zi.o(!!handler_zi)
    _printf_d                                0x08000161   Thumb Code     0  _printf_d.o(.ARM.Collect$$_printf_percent$$00000009)
    _printf_percent                          0x08000161   Thumb Code     0  _printf_percent.o(.ARM.Collect$$_printf_percent$$00000000)
    _printf_percent_end                      0x08000167   Thumb Code     0  _printf_percent_end.o(.ARM.Collect$$_printf_percent$$00000017)
    __rt_lib_init                            0x0800016b   Thumb Code     0  libinit.o(.ARM.Collect$$libinit$$00000000)
    __rt_lib_init_fp_1                       0x0800016d   Thumb Code     0  libinit2.o(.ARM.Collect$$libinit$$00000002)
    __rt_lib_init_heap_2                     0x0800016d   Thumb Code     0  libinit2.o(.ARM.Collect$$libinit$$00000007)
    __rt_lib_init_preinit_1                  0x0800016d   Thumb Code     0  libinit2.o(.ARM.Collect$$libinit$$00000006)
    __rt_lib_init_relocate_pie_1             0x0800016d   Thumb Code     0  libinit2.o(.ARM.Collect$$libinit$$00000004)
    __rt_lib_init_atexit_1                   0x08000175   Thumb Code     0  libinit2.o(.ARM.Collect$$libinit$$0000001D)
    __rt_lib_init_clock_1                    0x08000175   Thumb Code     0  libinit2.o(.ARM.Collect$$libinit$$00000023)
    __rt_lib_init_fp_trap_1                  0x08000175   Thumb Code     0  libinit2.o(.ARM.Collect$$libinit$$00000021)
    __rt_lib_init_getenv_1                   0x08000175   Thumb Code     0  libinit2.o(.ARM.Collect$$libinit$$00000025)
    __rt_lib_init_heap_1                     0x08000175   Thumb Code     0  libinit2.o(.ARM.Collect$$libinit$$0000000C)
    __rt_lib_init_lc_collate_1               0x08000175   Thumb Code     0  libinit2.o(.ARM.Collect$$libinit$$00000013)
    __rt_lib_init_lc_ctype_1                 0x08000175   Thumb Code     0  libinit2.o(.ARM.Collect$$libinit$$00000015)
    __rt_lib_init_lc_monetary_1              0x08000175   Thumb Code     0  libinit2.o(.ARM.Collect$$libinit$$00000017)
    __rt_lib_init_lc_numeric_1               0x08000175   Thumb Code     0  libinit2.o(.ARM.Collect$$libinit$$00000019)
    __rt_lib_init_lc_time_1                  0x08000175   Thumb Code     0  libinit2.o(.ARM.Collect$$libinit$$0000001B)
    __rt_lib_init_rand_1                     0x08000175   Thumb Code     0  libinit2.o(.ARM.Collect$$libinit$$00000010)
    __rt_lib_init_signal_1                   0x08000175   Thumb Code     0  libinit2.o(.ARM.Collect$$libinit$$0000001F)
    __rt_lib_init_stdio_2                    0x08000175   Thumb Code     0  libinit2.o(.ARM.Collect$$libinit$$00000026)
    __rt_lib_init_user_alloc_1               0x08000175   Thumb Code     0  libinit2.o(.ARM.Collect$$libinit$$0000000E)
    __rt_lib_init_alloca_1                   0x08000179   Thumb Code     0  libinit2.o(.ARM.Collect$$libinit$$00000030)
    __rt_lib_init_argv_1                     0x08000179   Thumb Code     0  libinit2.o(.ARM.Collect$$libinit$$0000002E)
    __rt_lib_init_cpp_1                      0x08000179   Thumb Code     0  libinit2.o(.ARM.Collect$$libinit$$00000034)
    __rt_lib_init_exceptions_1               0x08000179   Thumb Code     0  libinit2.o(.ARM.Collect$$libinit$$00000032)
    __rt_lib_init_return                     0x08000179   Thumb Code     0  libinit2.o(.ARM.Collect$$libinit$$00000035)
    __rt_lib_init_stdio_1                    0x08000179   Thumb Code     0  libinit2.o(.ARM.Collect$$libinit$$00000027)
    __rt_lib_shutdown                        0x0800017b   Thumb Code     0  libshutdown.o(.ARM.Collect$$libshutdown$$00000000)
    __rt_lib_shutdown_cpp_1                  0x0800017d   Thumb Code     0  libshutdown2.o(.ARM.Collect$$libshutdown$$00000002)
    __rt_lib_shutdown_stdio_2                0x0800017d   Thumb Code     0  libshutdown2.o(.ARM.Collect$$libshutdown$$00000003)
    __rt_lib_shutdown_fp_trap_1              0x08000181   Thumb Code     0  libshutdown2.o(.ARM.Collect$$libshutdown$$00000007)
    __rt_lib_shutdown_heap_1                 0x08000181   Thumb Code     0  libshutdown2.o(.ARM.Collect$$libshutdown$$0000000F)
    __rt_lib_shutdown_return                 0x08000181   Thumb Code     0  libshutdown2.o(.ARM.Collect$$libshutdown$$00000010)
    __rt_lib_shutdown_signal_1               0x08000181   Thumb Code     0  libshutdown2.o(.ARM.Collect$$libshutdown$$0000000A)
    __rt_lib_shutdown_stdio_1                0x08000181   Thumb Code     0  libshutdown2.o(.ARM.Collect$$libshutdown$$00000004)
    __rt_lib_shutdown_user_alloc_1           0x08000181   Thumb Code     0  libshutdown2.o(.ARM.Collect$$libshutdown$$0000000C)
    __rt_entry                               0x08000183   Thumb Code     0  __rtentry.o(.ARM.Collect$$rtentry$$00000000)
    __rt_entry_presh_1                       0x08000183   Thumb Code     0  __rtentry2.o(.ARM.Collect$$rtentry$$00000002)
    __rt_entry_sh                            0x08000183   Thumb Code     0  __rtentry4.o(.ARM.Collect$$rtentry$$00000004)
    __rt_entry_li                            0x08000189   Thumb Code     0  __rtentry2.o(.ARM.Collect$$rtentry$$0000000A)
    __rt_entry_postsh_1                      0x08000189   Thumb Code     0  __rtentry2.o(.ARM.Collect$$rtentry$$00000009)
    __rt_entry_main                          0x0800018d   Thumb Code     0  __rtentry2.o(.ARM.Collect$$rtentry$$0000000D)
    __rt_entry_postli_1                      0x0800018d   Thumb Code     0  __rtentry2.o(.ARM.Collect$$rtentry$$0000000C)
    __rt_exit                                0x08000195   Thumb Code     0  rtexit.o(.ARM.Collect$$rtexit$$00000000)
    __rt_exit_ls                             0x08000197   Thumb Code     0  rtexit2.o(.ARM.Collect$$rtexit$$00000003)
    __rt_exit_prels_1                        0x08000197   Thumb Code     0  rtexit2.o(.ARM.Collect$$rtexit$$00000002)
    __rt_exit_exit                           0x0800019b   Thumb Code     0  rtexit2.o(.ARM.Collect$$rtexit$$00000004)
    Reset_Handler                            0x080001a1   Thumb Code     8  startup_stm32f103xb.o(.text)
    ADC1_2_IRQHandler                        0x080001bb   Thumb Code     0  startup_stm32f103xb.o(.text)
    CAN1_RX1_IRQHandler                      0x080001bb   Thumb Code     0  startup_stm32f103xb.o(.text)
    CAN1_SCE_IRQHandler                      0x080001bb   Thumb Code     0  startup_stm32f103xb.o(.text)
    DMA1_Channel1_IRQHandler                 0x080001bb   Thumb Code     0  startup_stm32f103xb.o(.text)
    DMA1_Channel2_IRQHandler                 0x080001bb   Thumb Code     0  startup_stm32f103xb.o(.text)
    DMA1_Channel3_IRQHandler                 0x080001bb   Thumb Code     0  startup_stm32f103xb.o(.text)
    DMA1_Channel4_IRQHandler                 0x080001bb   Thumb Code     0  startup_stm32f103xb.o(.text)
    DMA1_Channel5_IRQHandler                 0x080001bb   Thumb Code     0  startup_stm32f103xb.o(.text)
    DMA1_Channel6_IRQHandler                 0x080001bb   Thumb Code     0  startup_stm32f103xb.o(.text)
    DMA1_Channel7_IRQHandler                 0x080001bb   Thumb Code     0  startup_stm32f103xb.o(.text)
    EXTI0_IRQHandler                         0x080001bb   Thumb Code     0  startup_stm32f103xb.o(.text)
    EXTI15_10_IRQHandler                     0x080001bb   Thumb Code     0  startup_stm32f103xb.o(.text)
    EXTI1_IRQHandler                         0x080001bb   Thumb Code     0  startup_stm32f103xb.o(.text)
    EXTI2_IRQHandler                         0x080001bb   Thumb Code     0  startup_stm32f103xb.o(.text)
    EXTI3_IRQHandler                         0x080001bb   Thumb Code     0  startup_stm32f103xb.o(.text)
    EXTI4_IRQHandler                         0x080001bb   Thumb Code     0  startup_stm32f103xb.o(.text)
    EXTI9_5_IRQHandler                       0x080001bb   Thumb Code     0  startup_stm32f103xb.o(.text)
    FLASH_IRQHandler                         0x080001bb   Thumb Code     0  startup_stm32f103xb.o(.text)
    I2C1_ER_IRQHandler                       0x080001bb   Thumb Code     0  startup_stm32f103xb.o(.text)
    I2C1_EV_IRQHandler                       0x080001bb   Thumb Code     0  startup_stm32f103xb.o(.text)
    I2C2_ER_IRQHandler                       0x080001bb   Thumb Code     0  startup_stm32f103xb.o(.text)
    I2C2_EV_IRQHandler                       0x080001bb   Thumb Code     0  startup_stm32f103xb.o(.text)
    PVD_IRQHandler                           0x080001bb   Thumb Code     0  startup_stm32f103xb.o(.text)
    RCC_IRQHandler                           0x080001bb   Thumb Code     0  startup_stm32f103xb.o(.text)
    RTC_Alarm_IRQHandler                     0x080001bb   Thumb Code     0  startup_stm32f103xb.o(.text)
    RTC_IRQHandler                           0x080001bb   Thumb Code     0  startup_stm32f103xb.o(.text)
    SPI1_IRQHandler                          0x080001bb   Thumb Code     0  startup_stm32f103xb.o(.text)
    SPI2_IRQHandler                          0x080001bb   Thumb Code     0  startup_stm32f103xb.o(.text)
    TAMPER_IRQHandler                        0x080001bb   Thumb Code     0  startup_stm32f103xb.o(.text)
    TIM1_BRK_IRQHandler                      0x080001bb   Thumb Code     0  startup_stm32f103xb.o(.text)
    TIM1_TRG_COM_IRQHandler                  0x080001bb   Thumb Code     0  startup_stm32f103xb.o(.text)
    TIM1_UP_IRQHandler                       0x080001bb   Thumb Code     0  startup_stm32f103xb.o(.text)
    TIM2_IRQHandler                          0x080001bb   Thumb Code     0  startup_stm32f103xb.o(.text)
    TIM3_IRQHandler                          0x080001bb   Thumb Code     0  startup_stm32f103xb.o(.text)
    USART1_IRQHandler                        0x080001bb   Thumb Code     0  startup_stm32f103xb.o(.text)
    USBWakeUp_IRQHandler                     0x080001bb   Thumb Code     0  startup_stm32f103xb.o(.text)
    USB_HP_CAN1_TX_IRQHandler                0x080001bb   Thumb Code     0  startup_stm32f103xb.o(.text)
    USB_LP_CAN1_RX0_IRQHandler               0x080001bb   Thumb Code     0  startup_stm32f103xb.o(.text)
    WWDG_IRQHandler                          0x080001bb   Thumb Code     0  startup_stm32f103xb.o(.text)
    __user_initial_stackheap                 0x080001bd   Thumb Code     0  startup_stm32f103xb.o(.text)
    __use_no_semihosting                     0x080001e1   Thumb Code     2  use_no_semi_2.o(.text)
    __2printf                                0x080001e5   Thumb Code    20  noretval__2printf.o(.text)
    __printf                                 0x080001fd   Thumb Code   104  __printf.o(.text)
    _printf_int_dec                          0x08000265   Thumb Code   104  _printf_dec.o(.text)
    __aeabi_memcpy                           0x080002dd   Thumb Code     0  rt_memcpy_v6.o(.text)
    __rt_memcpy                              0x080002dd   Thumb Code   138  rt_memcpy_v6.o(.text)
    _memcpy_lastbytes                        0x08000343   Thumb Code     0  rt_memcpy_v6.o(.text)
    __aeabi_memset4                          0x08000367   Thumb Code    16  aeabi_memset4.o(.text)
    __aeabi_memset8                          0x08000367   Thumb Code     0  aeabi_memset4.o(.text)
    __aeabi_memclr4                          0x08000377   Thumb Code     0  rt_memclr_w.o(.text)
    __aeabi_memclr8                          0x08000377   Thumb Code     0  rt_memclr_w.o(.text)
    __rt_memclr_w                            0x08000377   Thumb Code     0  rt_memclr_w.o(.text)
    _memset_w                                0x0800037b   Thumb Code    74  rt_memclr_w.o(.text)
    strcmp                                   0x080003c5   Thumb Code   128  strcmpv7m.o(.text)
    __use_two_region_memory                  0x08000445   Thumb Code     2  heapauxi.o(.text)
    __rt_heap_escrow                         0x08000447   Thumb Code     2  heapauxi.o(.text)
    __rt_heap_expand                         0x08000449   Thumb Code     2  heapauxi.o(.text)
    __I$use$semihosting                      0x0800044b   Thumb Code     0  use_no_semi.o(.text)
    __use_no_semihosting_swi                 0x0800044b   Thumb Code     2  use_no_semi.o(.text)
    _printf_int_common                       0x0800044d   Thumb Code   178  _printf_intcommon.o(.text)
    _printf_char_file                        0x08000501   Thumb Code    32  _printf_char_file.o(.text)
    __aeabi_memcpy4                          0x08000525   Thumb Code     0  rt_memcpy_w.o(.text)
    __aeabi_memcpy8                          0x08000525   Thumb Code     0  rt_memcpy_w.o(.text)
    __rt_memcpy_w                            0x08000525   Thumb Code   100  rt_memcpy_w.o(.text)
    _memcpy_lastbytes_aligned                0x0800056d   Thumb Code     0  rt_memcpy_w.o(.text)
    _printf_char_common                      0x08000593   Thumb Code    32  _printf_char_common.o(.text)
    ferror                                   0x080005b9   Thumb Code     8  ferror.o(.text)
    _initio                                  0x080005c1   Thumb Code   210  initio.o(.text)
    _terminateio                             0x08000693   Thumb Code    56  initio.o(.text)
    __user_setup_stackheap                   0x080006f9   Thumb Code    74  sys_stackheap_outer.o(.text)
    free                                     0x08000743   Thumb Code    78  h1_free.o(.text)
    setvbuf                                  0x08000791   Thumb Code    70  setvbuf.o(.text)
    freopen                                  0x080007d9   Thumb Code   160  fopen.o(.text)
    fopen                                    0x08000879   Thumb Code    74  fopen.o(.text)
    _fclose_internal                         0x080008c9   Thumb Code    76  fclose.o(.text)
    fclose                                   0x080008c9   Thumb Code     0  fclose.o(.text)
    exit                                     0x08000915   Thumb Code    18  exit.o(.text)
    __rt_SIGRTRED                            0x08000927   Thumb Code    14  defsig_rtred_outer.o(.text)
    __user_libspace                          0x08000935   Thumb Code     8  libspace.o(.text)
    __user_perproc_libspace                  0x08000935   Thumb Code     0  libspace.o(.text)
    __user_perthread_libspace                0x08000935   Thumb Code     0  libspace.o(.text)
    __rt_heap_descriptor                     0x0800093d   Thumb Code     8  rt_heap_descriptor_intlibspace.o(.text)
    __use_no_heap                            0x08000945   Thumb Code     2  hguard.o(.text)
    __heap$guard                             0x08000947   Thumb Code     2  hguard.o(.text)
    _terminate_user_alloc                    0x08000949   Thumb Code     2  init_alloc.o(.text)
    _init_user_alloc                         0x0800094b   Thumb Code     2  init_alloc.o(.text)
    __Heap_Full                              0x0800094d   Thumb Code    34  init_alloc.o(.text)
    __Heap_Broken                            0x0800096f   Thumb Code     6  init_alloc.o(.text)
    _init_alloc                              0x08000975   Thumb Code    94  init_alloc.o(.text)
    malloc                                   0x080009d3   Thumb Code    94  h1_alloc.o(.text)
    _fseek                                   0x08000a31   Thumb Code   242  fseek.o(.text)
    fseek                                    0x08000a31   Thumb Code     0  fseek.o(.text)
    _seterr                                  0x08000b29   Thumb Code    20  stdio.o(.text)
    _writebuf                                0x08000b3d   Thumb Code   108  stdio.o(.text)
    _fflush                                  0x08000ba9   Thumb Code    70  stdio.o(.text)
    _deferredlazyseek                        0x08000bef   Thumb Code    60  stdio.o(.text)
    __sig_exit                               0x08000c31   Thumb Code    10  defsig_exit.o(.text)
    __rt_SIGRTRED_inner                      0x08000c3d   Thumb Code    14  defsig_rtred_inner.o(.text)
    __Heap_Initialize                        0x08000c71   Thumb Code    10  h1_init.o(.text)
    _maybe_terminate_alloc                   0x08000c71   Thumb Code     0  maybetermalloc1.o(.text)
    __Heap_DescSize                          0x08000c7b   Thumb Code     4  h1_init.o(.text)
    __Heap_ProvideMemory                     0x08000c7f   Thumb Code    52  h1_extend.o(.text)
    _ftell_internal                          0x08000cb3   Thumb Code    66  ftell.o(.text)
    ftell                                    0x08000cb3   Thumb Code     0  ftell.o(.text)
    __default_signal_display                 0x08000cf5   Thumb Code    50  defsig_general.o(.text)
    __rt_SIGRTMEM                            0x08000d27   Thumb Code    14  defsig_rtmem_outer.o(.text)
    __aeabi_errno_addr                       0x08000d35   Thumb Code     8  rt_errno_addr_intlibspace.o(.text)
    __errno$intlibspace                      0x08000d35   Thumb Code     0  rt_errno_addr_intlibspace.o(.text)
    __rt_errno_addr$intlibspace              0x08000d35   Thumb Code     0  rt_errno_addr_intlibspace.o(.text)
    __rt_SIGRTMEM_inner                      0x08000d3d   Thumb Code    22  defsig_rtmem_inner.o(.text)
    BusFault_Handler                         0x08000d8d   Thumb Code     2  stm32f1xx_it.o(.text.BusFault_Handler)
    DebugMon_Handler                         0x08000d91   Thumb Code     2  stm32f1xx_it.o(.text.DebugMon_Handler)
    Error_Handler                            0x08000d95   Thumb Code    10  main.o(.text.Error_Handler)
    HAL_DMA_Abort                            0x08000da1   Thumb Code    70  stm32f1xx_hal_dma.o(.text.HAL_DMA_Abort)
    HAL_DMA_Abort_IT                         0x08000de9   Thumb Code   178  stm32f1xx_hal_dma.o(.text.HAL_DMA_Abort_IT)
    HAL_Delay                                0x08000e9d   Thumb Code    40  stm32f1xx_hal.o(.text.HAL_Delay)
    HAL_GPIO_Init                            0x08000ec5   Thumb Code   538  stm32f1xx_hal_gpio.o(.text.HAL_GPIO_Init)
    HAL_GPIO_TogglePin                       0x080010e1   Thumb Code    16  stm32f1xx_hal_gpio.o(.text.HAL_GPIO_TogglePin)
    HAL_GPIO_WritePin                        0x080010f1   Thumb Code    10  stm32f1xx_hal_gpio.o(.text.HAL_GPIO_WritePin)
    HAL_GetTick                              0x080010fd   Thumb Code    12  stm32f1xx_hal.o(.text.HAL_GetTick)
    HAL_IncTick                              0x08001109   Thumb Code    26  stm32f1xx_hal.o(.text.HAL_IncTick)
    HAL_Init                                 0x08001125   Thumb Code    38  stm32f1xx_hal.o(.text.HAL_Init)
    HAL_InitTick                             0x0800114d   Thumb Code   188  stm32f1xx_hal_timebase_tim.o(.text.HAL_InitTick)
    HAL_MspInit                              0x08001209   Thumb Code    80  stm32f1xx_hal_msp.o(.text.HAL_MspInit)
    HAL_NVIC_EnableIRQ                       0x08001259   Thumb Code    38  stm32f1xx_hal_cortex.o(.text.HAL_NVIC_EnableIRQ)
    HAL_NVIC_SetPriority                     0x08001281   Thumb Code    86  stm32f1xx_hal_cortex.o(.text.HAL_NVIC_SetPriority)
    HAL_NVIC_SetPriorityGrouping             0x080012d9   Thumb Code    32  stm32f1xx_hal_cortex.o(.text.HAL_NVIC_SetPriorityGrouping)
    HAL_RCCEx_PeriphCLKConfig                0x080012f9   Thumb Code   266  stm32f1xx_hal_rcc_ex.o(.text.HAL_RCCEx_PeriphCLKConfig)
    HAL_RCC_ClockConfig                      0x08001405   Thumb Code   446  stm32f1xx_hal_rcc.o(.text.HAL_RCC_ClockConfig)
    HAL_RCC_GetClockConfig                   0x080015c5   Thumb Code    66  stm32f1xx_hal_rcc.o(.text.HAL_RCC_GetClockConfig)
    HAL_RCC_GetPCLK1Freq                     0x08001609   Thumb Code    38  stm32f1xx_hal_rcc.o(.text.HAL_RCC_GetPCLK1Freq)
    HAL_RCC_GetPCLK2Freq                     0x08001631   Thumb Code    38  stm32f1xx_hal_rcc.o(.text.HAL_RCC_GetPCLK2Freq)
    HAL_RCC_OscConfig                        0x08001659   Thumb Code   948  stm32f1xx_hal_rcc.o(.text.HAL_RCC_OscConfig)
    HAL_TIMEx_BreakCallback                  0x08001a0d   Thumb Code     2  stm32f1xx_hal_tim_ex.o(.text.HAL_TIMEx_BreakCallback)
    HAL_TIMEx_CommutCallback                 0x08001a11   Thumb Code     2  stm32f1xx_hal_tim_ex.o(.text.HAL_TIMEx_CommutCallback)
    HAL_TIMEx_ConfigBreakDeadTime            0x08001a15   Thumb Code    76  stm32f1xx_hal_tim_ex.o(.text.HAL_TIMEx_ConfigBreakDeadTime)
    HAL_TIMEx_MasterConfigSynchronization    0x08001a61   Thumb Code   122  stm32f1xx_hal_tim_ex.o(.text.HAL_TIMEx_MasterConfigSynchronization)
    HAL_TIM_Base_Init                        0x08001add   Thumb Code   236  stm32f1xx_hal_tim.o(.text.HAL_TIM_Base_Init)
    HAL_TIM_Base_MspInit                     0x08001bc9   Thumb Code   190  tim.o(.text.HAL_TIM_Base_MspInit)
    HAL_TIM_Base_Start_IT                    0x08001c89   Thumb Code   110  stm32f1xx_hal_tim.o(.text.HAL_TIM_Base_Start_IT)
    HAL_TIM_ConfigClockSource                0x08001cf9   Thumb Code   412  stm32f1xx_hal_tim.o(.text.HAL_TIM_ConfigClockSource)
    HAL_TIM_IC_CaptureCallback               0x08001e95   Thumb Code     2  stm32f1xx_hal_tim.o(.text.HAL_TIM_IC_CaptureCallback)
    HAL_TIM_IC_ConfigChannel                 0x08001e99   Thumb Code   382  stm32f1xx_hal_tim.o(.text.HAL_TIM_IC_ConfigChannel)
    HAL_TIM_IC_Init                          0x08002019   Thumb Code   236  stm32f1xx_hal_tim.o(.text.HAL_TIM_IC_Init)
    HAL_TIM_IC_MspInit                       0x08002105   Thumb Code     2  stm32f1xx_hal_tim.o(.text.HAL_TIM_IC_MspInit)
    HAL_TIM_IRQHandler                       0x08002109   Thumb Code   368  stm32f1xx_hal_tim.o(.text.HAL_TIM_IRQHandler)
    HAL_TIM_OC_ConfigChannel                 0x08002279   Thumb Code   418  stm32f1xx_hal_tim.o(.text.HAL_TIM_OC_ConfigChannel)
    HAL_TIM_OC_DelayElapsedCallback          0x0800241d   Thumb Code     2  stm32f1xx_hal_tim.o(.text.HAL_TIM_OC_DelayElapsedCallback)
    HAL_TIM_OC_Init                          0x08002421   Thumb Code   236  stm32f1xx_hal_tim.o(.text.HAL_TIM_OC_Init)
    HAL_TIM_OC_MspInit                       0x0800250d   Thumb Code     2  stm32f1xx_hal_tim.o(.text.HAL_TIM_OC_MspInit)
    HAL_TIM_PWM_ConfigChannel                0x08002511   Thumb Code   524  stm32f1xx_hal_tim.o(.text.HAL_TIM_PWM_ConfigChannel)
    HAL_TIM_PWM_Init                         0x0800271d   Thumb Code   236  stm32f1xx_hal_tim.o(.text.HAL_TIM_PWM_Init)
    HAL_TIM_PWM_MspInit                      0x08002809   Thumb Code     2  stm32f1xx_hal_tim.o(.text.HAL_TIM_PWM_MspInit)
    HAL_TIM_PWM_PulseFinishedCallback        0x0800280d   Thumb Code     2  stm32f1xx_hal_tim.o(.text.HAL_TIM_PWM_PulseFinishedCallback)
    HAL_TIM_PeriodElapsedCallback            0x08002811   Thumb Code    20  main.o(.text.HAL_TIM_PeriodElapsedCallback)
    HAL_TIM_TriggerCallback                  0x08002825   Thumb Code     2  stm32f1xx_hal_tim.o(.text.HAL_TIM_TriggerCallback)
    HAL_UARTEx_RxEventCallback               0x08002829   Thumb Code     2  stm32f1xx_hal_uart.o(.text.HAL_UARTEx_RxEventCallback)
    HAL_UART_ErrorCallback                   0x0800282d   Thumb Code     2  stm32f1xx_hal_uart.o(.text.HAL_UART_ErrorCallback)
    HAL_UART_IRQHandler                      0x08002831   Thumb Code  1376  stm32f1xx_hal_uart.o(.text.HAL_UART_IRQHandler)
    HAL_UART_Init                            0x08002d91   Thumb Code   226  stm32f1xx_hal_uart.o(.text.HAL_UART_Init)
    HAL_UART_MspInit                         0x08002e75   Thumb Code   226  usart.o(.text.HAL_UART_MspInit)
    HAL_UART_RxCpltCallback                  0x08002f59   Thumb Code     2  stm32f1xx_hal_uart.o(.text.HAL_UART_RxCpltCallback)
    HAL_UART_Transmit                        0x08002f5d   Thumb Code   632  stm32f1xx_hal_uart.o(.text.HAL_UART_Transmit)
    HAL_UART_TxCpltCallback                  0x080031d5   Thumb Code     2  stm32f1xx_hal_uart.o(.text.HAL_UART_TxCpltCallback)
    HardFault_Handler                        0x080031d9   Thumb Code     2  stm32f1xx_it.o(.text.HardFault_Handler)
    MX_FREERTOS_Init                         0x080031dd   Thumb Code    36  freertos.o(.text.MX_FREERTOS_Init)
    MX_GPIO_Init                             0x08003201   Thumb Code   312  gpio.o(.text.MX_GPIO_Init)
    MX_TIM1_Init                             0x08003339   Thumb Code   388  tim.o(.text.MX_TIM1_Init)
    MX_TIM2_Init                             0x080034bd   Thumb Code   178  tim.o(.text.MX_TIM2_Init)
    MX_TIM3_Init                             0x08003571   Thumb Code   294  tim.o(.text.MX_TIM3_Init)
    MX_USART2_UART_Init                      0x08003699   Thumb Code    60  usart.o(.text.MX_USART2_UART_Init)
    MX_USART3_UART_Init                      0x080036d5   Thumb Code    60  usart.o(.text.MX_USART3_UART_Init)
    MemManage_Handler                        0x08003711   Thumb Code     2  stm32f1xx_it.o(.text.MemManage_Handler)
    NMI_Handler                              0x08003715   Thumb Code     2  stm32f1xx_it.o(.text.NMI_Handler)
    PendSV_Handler                           0x08003721   Thumb Code    68  port.o(.text.PendSV_Handler)
    SVC_Handler                              0x08003771   Thumb Code    36  port.o(.text.SVC_Handler)
    StartDefaultTask                         0x08003795   Thumb Code    28  freertos.o(.text.StartDefaultTask)
    SysTick_Handler                          0x080037b1   Thumb Code    46  port.o(.text.SysTick_Handler)
    SystemInit                               0x080037e1   Thumb Code     2  system_stm32f1xx.o(.text.SystemInit)
    TIM1_CC_IRQHandler                       0x080037e5   Thumb Code    12  stm32f1xx_it.o(.text.TIM1_CC_IRQHandler)
    TIM4_IRQHandler                          0x080037f1   Thumb Code    12  stm32f1xx_it.o(.text.TIM4_IRQHandler)
    USART2_IRQHandler                        0x08003909   Thumb Code    12  stm32f1xx_it.o(.text.USART2_IRQHandler)
    USART3_IRQHandler                        0x08003915   Thumb Code    12  stm32f1xx_it.o(.text.USART3_IRQHandler)
    UsageFault_Handler                       0x08003921   Thumb Code     2  stm32f1xx_it.o(.text.UsageFault_Handler)
    _sys_close                               0x08003925   Thumb Code    20  retarget_io.o(.text._sys_close)
    _sys_exit                                0x08003939   Thumb Code     2  main.o(.text._sys_exit)
    _sys_flen                                0x0800393d   Thumb Code     4  retarget_io.o(.text._sys_flen)
    _sys_istty                               0x08003941   Thumb Code    16  retarget_io.o(.text._sys_istty)
    _sys_open                                0x08003951   Thumb Code    98  retarget_io.o(.text._sys_open)
    _sys_seek                                0x080039b5   Thumb Code     6  retarget_io.o(.text._sys_seek)
    _sys_write                               0x080039bd   Thumb Code    42  retarget_io.o(.text._sys_write)
    _ttywrch                                 0x080039e9   Thumb Code     4  retarget_io.o(.text._ttywrch)
    fputc                                    0x080039ed   Thumb Code    32  usart.o(.text.fputc)
    main                                     0x08003a0d   Thumb Code   266  main.o(.text.main)
    osDelay                                  0x08003b19   Thumb Code    52  cmsis_os2.o(.text.osDelay)
    osKernelInitialize                       0x08003b4d   Thumb Code    60  cmsis_os2.o(.text.osKernelInitialize)
    osKernelStart                            0x08003b89   Thumb Code    66  cmsis_os2.o(.text.osKernelStart)
    osThreadNew                              0x08003bcd   Thumb Code   240  cmsis_os2.o(.text.osThreadNew)
    pvPortMalloc                             0x0800450d   Thumb Code   512  heap_4.o(.text.pvPortMalloc)
    pxPortInitialiseStack                    0x0800470d   Thumb Code    32  port.o(.text.pxPortInitialiseStack)
    uxListRemove                             0x0800472d   Thumb Code    36  list.o(.text.uxListRemove)
    vApplicationGetIdleTaskMemory            0x08004751   Thumb Code    26  cmsis_os2.o(.text.vApplicationGetIdleTaskMemory)
    vApplicationGetTimerTaskMemory           0x0800476d   Thumb Code    28  cmsis_os2.o(.text.vApplicationGetTimerTaskMemory)
    vListInitialise                          0x08004789   Thumb Code    22  list.o(.text.vListInitialise)
    vListInitialiseItem                      0x080047a1   Thumb Code     6  list.o(.text.vListInitialiseItem)
    vListInsert                              0x080047a9   Thumb Code    98  list.o(.text.vListInsert)
    vListInsertEnd                           0x0800480d   Thumb Code    28  list.o(.text.vListInsertEnd)
    vPortEnterCritical                       0x08004829   Thumb Code    70  port.o(.text.vPortEnterCritical)
    vPortExitCritical                        0x08004871   Thumb Code    46  port.o(.text.vPortExitCritical)
    vPortFree                                0x080048a1   Thumb Code   204  heap_4.o(.text.vPortFree)
    vPortSetupTimerInterrupt                 0x0800496d   Thumb Code    52  port.o(.text.vPortSetupTimerInterrupt)
    vQueueAddToRegistry                      0x080049a1   Thumb Code   176  queue.o(.text.vQueueAddToRegistry)
    vQueueWaitForMessageRestricted           0x08004a51   Thumb Code    82  queue.o(.text.vQueueWaitForMessageRestricted)
    vTaskDelay                               0x08004aa5   Thumb Code   128  tasks.o(.text.vTaskDelay)
    vTaskInternalSetTimeOutState             0x08004b25   Thumb Code    18  tasks.o(.text.vTaskInternalSetTimeOutState)
    vTaskMissedYield                         0x08004b39   Thumb Code    14  tasks.o(.text.vTaskMissedYield)
    vTaskPlaceOnEventList                    0x08004b49   Thumb Code   116  tasks.o(.text.vTaskPlaceOnEventList)
    vTaskPlaceOnEventListRestricted          0x08004bbd   Thumb Code   122  tasks.o(.text.vTaskPlaceOnEventListRestricted)
    vTaskStartScheduler                      0x08004c39   Thumb Code   228  tasks.o(.text.vTaskStartScheduler)
    vTaskSuspendAll                          0x08004d25   Thumb Code    16  tasks.o(.text.vTaskSuspendAll)
    vTaskSwitchContext                       0x08004d35   Thumb Code   188  tasks.o(.text.vTaskSwitchContext)
    xPortStartScheduler                      0x08004df1   Thumb Code   300  port.o(.text.xPortStartScheduler)
    xQueueGenericCreateStatic                0x08004f1d   Thumb Code   218  queue.o(.text.xQueueGenericCreateStatic)
    xQueueGenericSend                        0x08004ff9   Thumb Code   554  queue.o(.text.xQueueGenericSend)
    xQueueReceive                            0x08005225   Thumb Code   418  queue.o(.text.xQueueReceive)
    xTaskCheckForTimeOut                     0x080053c9   Thumb Code   162  tasks.o(.text.xTaskCheckForTimeOut)
    xTaskCreate                              0x0800546d   Thumb Code    96  tasks.o(.text.xTaskCreate)
    xTaskCreateStatic                        0x080054cd   Thumb Code   114  tasks.o(.text.xTaskCreateStatic)
    xTaskGetSchedulerState                   0x08005541   Thumb Code    30  tasks.o(.text.xTaskGetSchedulerState)
    xTaskGetTickCount                        0x08005561   Thumb Code    12  tasks.o(.text.xTaskGetTickCount)
    xTaskIncrementTick                       0x0800556d   Thumb Code   252  tasks.o(.text.xTaskIncrementTick)
    xTaskPriorityDisinherit                  0x08005669   Thumb Code   138  tasks.o(.text.xTaskPriorityDisinherit)
    xTaskRemoveFromEventList                 0x080056f5   Thumb Code   114  tasks.o(.text.xTaskRemoveFromEventList)
    xTaskResumeAll                           0x08005769   Thumb Code   238  tasks.o(.text.xTaskResumeAll)
    xTimerCreateTimerTask                    0x08005859   Thumb Code   172  timers.o(.text.xTimerCreateTimerTask)
    AHBPrescTable                            0x0800590c   Data          16  system_stm32f1xx.o(.rodata.AHBPrescTable)
    APBPrescTable                            0x0800591c   Data           8  system_stm32f1xx.o(.rodata.APBPrescTable)
    __stderr_name                            0x08005926   Data           8  retarget_io.o(.rodata.__stderr_name)
    __stdin_name                             0x0800592e   Data           7  retarget_io.o(.rodata.__stdin_name)
    __stdout_name                            0x08005935   Data           8  retarget_io.o(.rodata.__stdout_name)
    defaultTask_attributes                   0x08005950   Data          36  freertos.o(.rodata.defaultTask_attributes)
    Region$$Table$$Base                      0x08005990   Number         0  anon$$obj.o(Region$$Table)
    Region$$Table$$Limit                     0x080059b0   Number         0  anon$$obj.o(Region$$Table)
    __aeabi_stdin                            0x20000000   Data           4  stdio_streams.o(.data)
    __aeabi_stdout                           0x20000004   Data           4  stdio_streams.o(.data)
    __aeabi_stderr                           0x20000008   Data           4  stdio_streams.o(.data)
    uwTickFreq                               0x2000000c   Data           1  stm32f1xx_hal.o(.data..L_MergedGlobals)
    uwTickPrio                               0x20000010   Data           4  stm32f1xx_hal.o(.data..L_MergedGlobals)
    SystemCoreClock                          0x20000014   Data           4  system_stm32f1xx.o(.data.SystemCoreClock)
    __stdin                                  0x20000020   Data          84  stdio_streams.o(.bss)
    __stdout                                 0x20000074   Data          84  stdio_streams.o(.bss)
    __stderr                                 0x200000c8   Data          84  stdio_streams.o(.bss)
    __libspace_start                         0x2000011c   Data          96  libspace.o(.bss)
    __temporary_stack_top$libspace           0x2000017c   Data           0  libspace.o(.bss)
    pxCurrentTCB                             0x2000017c   Data           4  tasks.o(.bss..L_MergedGlobals)
    defaultTaskHandle                        0x20000934   Data           4  freertos.o(.bss.defaultTaskHandle)
    htim1                                    0x20000938   Data          72  tim.o(.bss.htim1)
    htim2                                    0x20000980   Data          72  tim.o(.bss.htim2)
    htim3                                    0x200009c8   Data          72  tim.o(.bss.htim3)
    htim4                                    0x20000a10   Data          72  stm32f1xx_hal_timebase_tim.o(.bss.htim4)
    huart2                                   0x20000a58   Data          72  usart.o(.bss.huart2)
    huart3                                   0x20000aa0   Data          72  usart.o(.bss.huart3)
    uwTick                                   0x20001c38   Data           4  stm32f1xx_hal.o(.bss.uwTick)
    xQueueRegistry                           0x20001c3c   Data          64  queue.o(.bss.xQueueRegistry)



==============================================================================

Memory Map of the image

  Image Entry point : 0x080000ed

  Load Region LR_IROM1 (Base: 0x08000000, Size: 0x000059d0, Max: 0x00010000, ABSOLUTE)

    Execution Region ER_IROM1 (Exec base: 0x08000000, Load base: 0x08000000, Size: 0x000059b0, Max: 0x00010000, ABSOLUTE)

    Exec Addr    Load Addr    Size         Type   Attr      Idx    E Section Name        Object

    0x08000000   0x08000000   0x000000ec   Data   RO            3    RESET               startup_stm32f103xb.o
    0x080000ec   0x080000ec   0x00000008   Code   RO         1673  * !!!main             c_w.l(__main.o)
    0x080000f4   0x080000f4   0x00000034   Code   RO         1985    !!!scatter          c_w.l(__scatter.o)
    0x08000128   0x08000128   0x0000001a   Code   RO         1987    !!handler_copy      c_w.l(__scatter_copy.o)
    0x08000142   0x08000142   0x00000002   PAD
    0x08000144   0x08000144   0x0000001c   Code   RO         1989    !!handler_zi        c_w.l(__scatter_zi.o)
    0x08000160   0x08000160   0x00000000   Code   RO         1658    .ARM.Collect$$_printf_percent$$00000000  c_w.l(_printf_percent.o)
    0x08000160   0x08000160   0x00000006   Code   RO         1657    .ARM.Collect$$_printf_percent$$00000009  c_w.l(_printf_d.o)
    0x08000166   0x08000166   0x00000004   Code   RO         1682    .ARM.Collect$$_printf_percent$$00000017  c_w.l(_printf_percent_end.o)
    0x0800016a   0x0800016a   0x00000002   Code   RO         1800    .ARM.Collect$$libinit$$00000000  c_w.l(libinit.o)
    0x0800016c   0x0800016c   0x00000000   Code   RO         1802    .ARM.Collect$$libinit$$00000002  c_w.l(libinit2.o)
    0x0800016c   0x0800016c   0x00000000   Code   RO         1804    .ARM.Collect$$libinit$$00000004  c_w.l(libinit2.o)
    0x0800016c   0x0800016c   0x00000000   Code   RO         1806    .ARM.Collect$$libinit$$00000006  c_w.l(libinit2.o)
    0x0800016c   0x0800016c   0x00000008   Code   RO         1807    .ARM.Collect$$libinit$$00000007  c_w.l(libinit2.o)
    0x08000174   0x08000174   0x00000000   Code   RO         1809    .ARM.Collect$$libinit$$0000000C  c_w.l(libinit2.o)
    0x08000174   0x08000174   0x00000000   Code   RO         1811    .ARM.Collect$$libinit$$0000000E  c_w.l(libinit2.o)
    0x08000174   0x08000174   0x00000000   Code   RO         1813    .ARM.Collect$$libinit$$00000010  c_w.l(libinit2.o)
    0x08000174   0x08000174   0x00000000   Code   RO         1816    .ARM.Collect$$libinit$$00000013  c_w.l(libinit2.o)
    0x08000174   0x08000174   0x00000000   Code   RO         1818    .ARM.Collect$$libinit$$00000015  c_w.l(libinit2.o)
    0x08000174   0x08000174   0x00000000   Code   RO         1820    .ARM.Collect$$libinit$$00000017  c_w.l(libinit2.o)
    0x08000174   0x08000174   0x00000000   Code   RO         1822    .ARM.Collect$$libinit$$00000019  c_w.l(libinit2.o)
    0x08000174   0x08000174   0x00000000   Code   RO         1824    .ARM.Collect$$libinit$$0000001B  c_w.l(libinit2.o)
    0x08000174   0x08000174   0x00000000   Code   RO         1826    .ARM.Collect$$libinit$$0000001D  c_w.l(libinit2.o)
    0x08000174   0x08000174   0x00000000   Code   RO         1828    .ARM.Collect$$libinit$$0000001F  c_w.l(libinit2.o)
    0x08000174   0x08000174   0x00000000   Code   RO         1830    .ARM.Collect$$libinit$$00000021  c_w.l(libinit2.o)
    0x08000174   0x08000174   0x00000000   Code   RO         1832    .ARM.Collect$$libinit$$00000023  c_w.l(libinit2.o)
    0x08000174   0x08000174   0x00000000   Code   RO         1834    .ARM.Collect$$libinit$$00000025  c_w.l(libinit2.o)
    0x08000174   0x08000174   0x00000004   Code   RO         1835    .ARM.Collect$$libinit$$00000026  c_w.l(libinit2.o)
    0x08000178   0x08000178   0x00000000   Code   RO         1836    .ARM.Collect$$libinit$$00000027  c_w.l(libinit2.o)
    0x08000178   0x08000178   0x00000000   Code   RO         1840    .ARM.Collect$$libinit$$0000002E  c_w.l(libinit2.o)
    0x08000178   0x08000178   0x00000000   Code   RO         1842    .ARM.Collect$$libinit$$00000030  c_w.l(libinit2.o)
    0x08000178   0x08000178   0x00000000   Code   RO         1844    .ARM.Collect$$libinit$$00000032  c_w.l(libinit2.o)
    0x08000178   0x08000178   0x00000000   Code   RO         1846    .ARM.Collect$$libinit$$00000034  c_w.l(libinit2.o)
    0x08000178   0x08000178   0x00000002   Code   RO         1847    .ARM.Collect$$libinit$$00000035  c_w.l(libinit2.o)
    0x0800017a   0x0800017a   0x00000002   Code   RO         1963    .ARM.Collect$$libshutdown$$00000000  c_w.l(libshutdown.o)
    0x0800017c   0x0800017c   0x00000000   Code   RO         1849    .ARM.Collect$$libshutdown$$00000002  c_w.l(libshutdown2.o)
    0x0800017c   0x0800017c   0x00000004   Code   RO         1850    .ARM.Collect$$libshutdown$$00000003  c_w.l(libshutdown2.o)
    0x08000180   0x08000180   0x00000000   Code   RO         1851    .ARM.Collect$$libshutdown$$00000004  c_w.l(libshutdown2.o)
    0x08000180   0x08000180   0x00000000   Code   RO         1854    .ARM.Collect$$libshutdown$$00000007  c_w.l(libshutdown2.o)
    0x08000180   0x08000180   0x00000000   Code   RO         1857    .ARM.Collect$$libshutdown$$0000000A  c_w.l(libshutdown2.o)
    0x08000180   0x08000180   0x00000000   Code   RO         1859    .ARM.Collect$$libshutdown$$0000000C  c_w.l(libshutdown2.o)
    0x08000180   0x08000180   0x00000000   Code   RO         1862    .ARM.Collect$$libshutdown$$0000000F  c_w.l(libshutdown2.o)
    0x08000180   0x08000180   0x00000002   Code   RO         1863    .ARM.Collect$$libshutdown$$00000010  c_w.l(libshutdown2.o)
    0x08000182   0x08000182   0x00000000   Code   RO         1677    .ARM.Collect$$rtentry$$00000000  c_w.l(__rtentry.o)
    0x08000182   0x08000182   0x00000000   Code   RO         1692    .ARM.Collect$$rtentry$$00000002  c_w.l(__rtentry2.o)
    0x08000182   0x08000182   0x00000006   Code   RO         1704    .ARM.Collect$$rtentry$$00000004  c_w.l(__rtentry4.o)
    0x08000188   0x08000188   0x00000000   Code   RO         1694    .ARM.Collect$$rtentry$$00000009  c_w.l(__rtentry2.o)
    0x08000188   0x08000188   0x00000004   Code   RO         1695    .ARM.Collect$$rtentry$$0000000A  c_w.l(__rtentry2.o)
    0x0800018c   0x0800018c   0x00000000   Code   RO         1697    .ARM.Collect$$rtentry$$0000000C  c_w.l(__rtentry2.o)
    0x0800018c   0x0800018c   0x00000008   Code   RO         1698    .ARM.Collect$$rtentry$$0000000D  c_w.l(__rtentry2.o)
    0x08000194   0x08000194   0x00000002   Code   RO         1867    .ARM.Collect$$rtexit$$00000000  c_w.l(rtexit.o)
    0x08000196   0x08000196   0x00000000   Code   RO         1909    .ARM.Collect$$rtexit$$00000002  c_w.l(rtexit2.o)
    0x08000196   0x08000196   0x00000004   Code   RO         1910    .ARM.Collect$$rtexit$$00000003  c_w.l(rtexit2.o)
    0x0800019a   0x0800019a   0x00000006   Code   RO         1911    .ARM.Collect$$rtexit$$00000004  c_w.l(rtexit2.o)
    0x080001a0   0x080001a0   0x00000040   Code   RO            4    .text               startup_stm32f103xb.o
    0x080001e0   0x080001e0   0x00000002   Code   RO         1627    .text               c_w.l(use_no_semi_2.o)
    0x080001e2   0x080001e2   0x00000002   PAD
    0x080001e4   0x080001e4   0x00000018   Code   RO         1631    .text               c_w.l(noretval__2printf.o)
    0x080001fc   0x080001fc   0x00000068   Code   RO         1633    .text               c_w.l(__printf.o)
    0x08000264   0x08000264   0x00000078   Code   RO         1635    .text               c_w.l(_printf_dec.o)
    0x080002dc   0x080002dc   0x0000008a   Code   RO         1659    .text               c_w.l(rt_memcpy_v6.o)
    0x08000366   0x08000366   0x00000010   Code   RO         1663    .text               c_w.l(aeabi_memset4.o)
    0x08000376   0x08000376   0x0000004e   Code   RO         1667    .text               c_w.l(rt_memclr_w.o)
    0x080003c4   0x080003c4   0x00000080   Code   RO         1669    .text               c_w.l(strcmpv7m.o)
    0x08000444   0x08000444   0x00000006   Code   RO         1671    .text               c_w.l(heapauxi.o)
    0x0800044a   0x0800044a   0x00000002   Code   RO         1675    .text               c_w.l(use_no_semi.o)
    0x0800044c   0x0800044c   0x000000b2   Code   RO         1678    .text               c_w.l(_printf_intcommon.o)
    0x080004fe   0x080004fe   0x00000002   PAD
    0x08000500   0x08000500   0x00000024   Code   RO         1680    .text               c_w.l(_printf_char_file.o)
    0x08000524   0x08000524   0x00000064   Code   RO         1689    .text               c_w.l(rt_memcpy_w.o)
    0x08000588   0x08000588   0x00000030   Code   RO         1706    .text               c_w.l(_printf_char_common.o)
    0x080005b8   0x080005b8   0x00000008   Code   RO         1708    .text               c_w.l(ferror.o)
    0x080005c0   0x080005c0   0x00000138   Code   RO         1710    .text               c_w.l(initio.o)
    0x080006f8   0x080006f8   0x0000004a   Code   RO         1718    .text               c_w.l(sys_stackheap_outer.o)
    0x08000742   0x08000742   0x0000004e   Code   RO         1722    .text               c_w.l(h1_free.o)
    0x08000790   0x08000790   0x00000046   Code   RO         1778    .text               c_w.l(setvbuf.o)
    0x080007d6   0x080007d6   0x00000002   PAD
    0x080007d8   0x080007d8   0x000000f0   Code   RO         1781    .text               c_w.l(fopen.o)
    0x080008c8   0x080008c8   0x0000004c   Code   RO         1783    .text               c_w.l(fclose.o)
    0x08000914   0x08000914   0x00000012   Code   RO         1789    .text               c_w.l(exit.o)
    0x08000926   0x08000926   0x0000000e   Code   RO         1791    .text               c_w.l(defsig_rtred_outer.o)
    0x08000934   0x08000934   0x00000008   Code   RO         1864    .text               c_w.l(libspace.o)
    0x0800093c   0x0800093c   0x00000008   Code   RO         1874    .text               c_w.l(rt_heap_descriptor_intlibspace.o)
    0x08000944   0x08000944   0x00000004   Code   RO         1876    .text               c_w.l(hguard.o)
    0x08000948   0x08000948   0x0000008a   Code   RO         1878    .text               c_w.l(init_alloc.o)
    0x080009d2   0x080009d2   0x0000005e   Code   RO         1884    .text               c_w.l(h1_alloc.o)
    0x08000a30   0x08000a30   0x000000f8   Code   RO         1896    .text               c_w.l(fseek.o)
    0x08000b28   0x08000b28   0x00000108   Code   RO         1898    .text               c_w.l(stdio.o)
    0x08000c30   0x08000c30   0x0000000a   Code   RO         1900    .text               c_w.l(defsig_exit.o)
    0x08000c3a   0x08000c3a   0x00000002   PAD
    0x08000c3c   0x08000c3c   0x00000034   Code   RO         1902    .text               c_w.l(defsig_rtred_inner.o)
    0x08000c70   0x08000c70   0x00000000   Code   RO         1915    .text               c_w.l(maybetermalloc1.o)
    0x08000c70   0x08000c70   0x0000000e   Code   RO         1917    .text               c_w.l(h1_init.o)
    0x08000c7e   0x08000c7e   0x00000034   Code   RO         1919    .text               c_w.l(h1_extend.o)
    0x08000cb2   0x08000cb2   0x00000042   Code   RO         1925    .text               c_w.l(ftell.o)
    0x08000cf4   0x08000cf4   0x00000032   Code   RO         1929    .text               c_w.l(defsig_general.o)
    0x08000d26   0x08000d26   0x0000000e   Code   RO         1931    .text               c_w.l(defsig_rtmem_outer.o)
    0x08000d34   0x08000d34   0x00000008   Code   RO         1951    .text               c_w.l(rt_errno_addr_intlibspace.o)
    0x08000d3c   0x08000d3c   0x00000050   Code   RO         1957    .text               c_w.l(defsig_rtmem_inner.o)
    0x08000d8c   0x08000d8c   0x00000002   Code   RO           98    .text.BusFault_Handler  stm32f1xx_it.o
    0x08000d8e   0x08000d8e   0x00000002   PAD
    0x08000d90   0x08000d90   0x00000002   Code   RO          102    .text.DebugMon_Handler  stm32f1xx_it.o
    0x08000d92   0x08000d92   0x00000002   PAD
    0x08000d94   0x08000d94   0x0000000a   Code   RO          150    .text.Error_Handler  main.o
    0x08000d9e   0x08000d9e   0x00000002   PAD
    0x08000da0   0x08000da0   0x00000046   Code   RO          418    .text.HAL_DMA_Abort  stm32f1xx_hal_dma.o
    0x08000de6   0x08000de6   0x00000002   PAD
    0x08000de8   0x08000de8   0x000000b2   Code   RO          420    .text.HAL_DMA_Abort_IT  stm32f1xx_hal_dma.o
    0x08000e9a   0x08000e9a   0x00000002   PAD
    0x08000e9c   0x08000e9c   0x00000028   Code   RO          294    .text.HAL_Delay     stm32f1xx_hal.o
    0x08000ec4   0x08000ec4   0x0000021a   Code   RO          386    .text.HAL_GPIO_Init  stm32f1xx_hal_gpio.o
    0x080010de   0x080010de   0x00000002   PAD
    0x080010e0   0x080010e0   0x00000010   Code   RO          394    .text.HAL_GPIO_TogglePin  stm32f1xx_hal_gpio.o
    0x080010f0   0x080010f0   0x0000000a   Code   RO          392    .text.HAL_GPIO_WritePin  stm32f1xx_hal_gpio.o
    0x080010fa   0x080010fa   0x00000002   PAD
    0x080010fc   0x080010fc   0x0000000c   Code   RO          286    .text.HAL_GetTick   stm32f1xx_hal.o
    0x08001108   0x08001108   0x0000001a   Code   RO          284    .text.HAL_IncTick   stm32f1xx_hal.o
    0x08001122   0x08001122   0x00000002   PAD
    0x08001124   0x08001124   0x00000026   Code   RO          274    .text.HAL_Init      stm32f1xx_hal.o
    0x0800114a   0x0800114a   0x00000002   PAD
    0x0800114c   0x0800114c   0x000000bc   Code   RO          129    .text.HAL_InitTick  stm32f1xx_hal_timebase_tim.o
    0x08001208   0x08001208   0x00000050   Code   RO          119    .text.HAL_MspInit   stm32f1xx_hal_msp.o
    0x08001258   0x08001258   0x00000026   Code   RO          446    .text.HAL_NVIC_EnableIRQ  stm32f1xx_hal_cortex.o
    0x0800127e   0x0800127e   0x00000002   PAD
    0x08001280   0x08001280   0x00000056   Code   RO          444    .text.HAL_NVIC_SetPriority  stm32f1xx_hal_cortex.o
    0x080012d6   0x080012d6   0x00000002   PAD
    0x080012d8   0x080012d8   0x00000020   Code   RO          442    .text.HAL_NVIC_SetPriorityGrouping  stm32f1xx_hal_cortex.o
    0x080012f8   0x080012f8   0x0000010a   Code   RO          372    .text.HAL_RCCEx_PeriphCLKConfig  stm32f1xx_hal_rcc_ex.o
    0x08001402   0x08001402   0x00000002   PAD
    0x08001404   0x08001404   0x000001be   Code   RO          338    .text.HAL_RCC_ClockConfig  stm32f1xx_hal_rcc.o
    0x080015c2   0x080015c2   0x00000002   PAD
    0x080015c4   0x080015c4   0x00000042   Code   RO          356    .text.HAL_RCC_GetClockConfig  stm32f1xx_hal_rcc.o
    0x08001606   0x08001606   0x00000002   PAD
    0x08001608   0x08001608   0x00000026   Code   RO          350    .text.HAL_RCC_GetPCLK1Freq  stm32f1xx_hal_rcc.o
    0x0800162e   0x0800162e   0x00000002   PAD
    0x08001630   0x08001630   0x00000026   Code   RO          352    .text.HAL_RCC_GetPCLK2Freq  stm32f1xx_hal_rcc.o
    0x08001656   0x08001656   0x00000002   PAD
    0x08001658   0x08001658   0x000003b4   Code   RO          336    .text.HAL_RCC_OscConfig  stm32f1xx_hal_rcc.o
    0x08001a0c   0x08001a0c   0x00000002   Code   RO          912    .text.HAL_TIMEx_BreakCallback  stm32f1xx_hal_tim_ex.o
    0x08001a0e   0x08001a0e   0x00000002   PAD
    0x08001a10   0x08001a10   0x00000002   Code   RO          908    .text.HAL_TIMEx_CommutCallback  stm32f1xx_hal_tim_ex.o
    0x08001a12   0x08001a12   0x00000002   PAD
    0x08001a14   0x08001a14   0x0000004c   Code   RO          904    .text.HAL_TIMEx_ConfigBreakDeadTime  stm32f1xx_hal_tim_ex.o
    0x08001a60   0x08001a60   0x0000007a   Code   RO          902    .text.HAL_TIMEx_MasterConfigSynchronization  stm32f1xx_hal_tim_ex.o
    0x08001ada   0x08001ada   0x00000002   PAD
    0x08001adc   0x08001adc   0x000000ec   Code   RO          607    .text.HAL_TIM_Base_Init  stm32f1xx_hal_tim.o
    0x08001bc8   0x08001bc8   0x000000be   Code   RO           57    .text.HAL_TIM_Base_MspInit  tim.o
    0x08001c86   0x08001c86   0x00000002   PAD
    0x08001c88   0x08001c88   0x0000006e   Code   RO          621    .text.HAL_TIM_Base_Start_IT  stm32f1xx_hal_tim.o
    0x08001cf6   0x08001cf6   0x00000002   PAD
    0x08001cf8   0x08001cf8   0x0000019c   Code   RO          787    .text.HAL_TIM_ConfigClockSource  stm32f1xx_hal_tim.o
    0x08001e94   0x08001e94   0x00000002   Code   RO          743    .text.HAL_TIM_IC_CaptureCallback  stm32f1xx_hal_tim.o
    0x08001e96   0x08001e96   0x00000002   PAD
    0x08001e98   0x08001e98   0x0000017e   Code   RO          757    .text.HAL_TIM_IC_ConfigChannel  stm32f1xx_hal_tim.o
    0x08002016   0x08002016   0x00000002   PAD
    0x08002018   0x08002018   0x000000ec   Code   RO          681    .text.HAL_TIM_IC_Init  stm32f1xx_hal_tim.o
    0x08002104   0x08002104   0x00000002   Code   RO          683    .text.HAL_TIM_IC_MspInit  stm32f1xx_hal_tim.o
    0x08002106   0x08002106   0x00000002   PAD
    0x08002108   0x08002108   0x00000170   Code   RO          741    .text.HAL_TIM_IRQHandler  stm32f1xx_hal_tim.o
    0x08002278   0x08002278   0x000001a2   Code   RO          753    .text.HAL_TIM_OC_ConfigChannel  stm32f1xx_hal_tim.o
    0x0800241a   0x0800241a   0x00000002   PAD
    0x0800241c   0x0800241c   0x00000002   Code   RO          745    .text.HAL_TIM_OC_DelayElapsedCallback  stm32f1xx_hal_tim.o
    0x0800241e   0x0800241e   0x00000002   PAD
    0x08002420   0x08002420   0x000000ec   Code   RO          635    .text.HAL_TIM_OC_Init  stm32f1xx_hal_tim.o
    0x0800250c   0x0800250c   0x00000002   Code   RO          637    .text.HAL_TIM_OC_MspInit  stm32f1xx_hal_tim.o
    0x0800250e   0x0800250e   0x00000002   PAD
    0x08002510   0x08002510   0x0000020c   Code   RO          761    .text.HAL_TIM_PWM_ConfigChannel  stm32f1xx_hal_tim.o
    0x0800271c   0x0800271c   0x000000ec   Code   RO          661    .text.HAL_TIM_PWM_Init  stm32f1xx_hal_tim.o
    0x08002808   0x08002808   0x00000002   Code   RO          663    .text.HAL_TIM_PWM_MspInit  stm32f1xx_hal_tim.o
    0x0800280a   0x0800280a   0x00000002   PAD
    0x0800280c   0x0800280c   0x00000002   Code   RO          747    .text.HAL_TIM_PWM_PulseFinishedCallback  stm32f1xx_hal_tim.o
    0x0800280e   0x0800280e   0x00000002   PAD
    0x08002810   0x08002810   0x00000014   Code   RO          152    .text.HAL_TIM_PeriodElapsedCallback  main.o
    0x08002824   0x08002824   0x00000002   Code   RO          751    .text.HAL_TIM_TriggerCallback  stm32f1xx_hal_tim.o
    0x08002826   0x08002826   0x00000002   PAD
    0x08002828   0x08002828   0x00000002   Code   RO         1010    .text.HAL_UARTEx_RxEventCallback  stm32f1xx_hal_uart.o
    0x0800282a   0x0800282a   0x00000002   PAD
    0x0800282c   0x0800282c   0x00000002   Code   RO         1008    .text.HAL_UART_ErrorCallback  stm32f1xx_hal_uart.o
    0x0800282e   0x0800282e   0x00000002   PAD
    0x08002830   0x08002830   0x00000560   Code   RO         1002    .text.HAL_UART_IRQHandler  stm32f1xx_hal_uart.o
    0x08002d90   0x08002d90   0x000000e2   Code   RO          926    .text.HAL_UART_Init  stm32f1xx_hal_uart.o
    0x08002e72   0x08002e72   0x00000002   PAD
    0x08002e74   0x08002e74   0x000000e2   Code   RO           76    .text.HAL_UART_MspInit  usart.o
    0x08002f56   0x08002f56   0x00000002   PAD
    0x08002f58   0x08002f58   0x00000002   Code   RO         1016    .text.HAL_UART_RxCpltCallback  stm32f1xx_hal_uart.o
    0x08002f5a   0x08002f5a   0x00000002   PAD
    0x08002f5c   0x08002f5c   0x00000278   Code   RO          940    .text.HAL_UART_Transmit  stm32f1xx_hal_uart.o
    0x080031d4   0x080031d4   0x00000002   Code   RO         1012    .text.HAL_UART_TxCpltCallback  stm32f1xx_hal_uart.o
    0x080031d6   0x080031d6   0x00000002   PAD
    0x080031d8   0x080031d8   0x00000002   Code   RO           94    .text.HardFault_Handler  stm32f1xx_it.o
    0x080031da   0x080031da   0x00000002   PAD
    0x080031dc   0x080031dc   0x00000024   Code   RO           20    .text.MX_FREERTOS_Init  freertos.o
    0x08003200   0x08003200   0x00000138   Code   RO           11    .text.MX_GPIO_Init  gpio.o
    0x08003338   0x08003338   0x00000184   Code   RO           49    .text.MX_TIM1_Init  tim.o
    0x080034bc   0x080034bc   0x000000b2   Code   RO           53    .text.MX_TIM2_Init  tim.o
    0x0800356e   0x0800356e   0x00000002   PAD
    0x08003570   0x08003570   0x00000126   Code   RO           55    .text.MX_TIM3_Init  tim.o
    0x08003696   0x08003696   0x00000002   PAD
    0x08003698   0x08003698   0x0000003c   Code   RO           72    .text.MX_USART2_UART_Init  usart.o
    0x080036d4   0x080036d4   0x0000003c   Code   RO           74    .text.MX_USART3_UART_Init  usart.o
    0x08003710   0x08003710   0x00000002   Code   RO           96    .text.MemManage_Handler  stm32f1xx_it.o
    0x08003712   0x08003712   0x00000002   PAD
    0x08003714   0x08003714   0x00000002   Code   RO           92    .text.NMI_Handler   stm32f1xx_it.o
    0x08003716   0x08003716   0x0000000a   PAD
    0x08003720   0x08003720   0x00000044   Code   RO         1583    .text.PendSV_Handler  port.o
    0x08003764   0x08003764   0x0000000c   PAD
    0x08003770   0x08003770   0x00000024   Code   RO         1569    .text.SVC_Handler   port.o
    0x08003794   0x08003794   0x0000001c   Code   RO           22    .text.StartDefaultTask  freertos.o
    0x080037b0   0x080037b0   0x0000002e   Code   RO         1585    .text.SysTick_Handler  port.o
    0x080037de   0x080037de   0x00000002   PAD
    0x080037e0   0x080037e0   0x00000002   Code   RO         1046    .text.SystemInit    system_stm32f1xx.o
    0x080037e2   0x080037e2   0x00000002   PAD
    0x080037e4   0x080037e4   0x0000000c   Code   RO          104    .text.TIM1_CC_IRQHandler  stm32f1xx_it.o
    0x080037f0   0x080037f0   0x0000000c   Code   RO          106    .text.TIM4_IRQHandler  stm32f1xx_it.o
    0x080037fc   0x080037fc   0x0000000c   Code   RO         1006    .text.UART_DMAAbortOnError  stm32f1xx_hal_uart.o
    0x08003808   0x08003808   0x000000fe   Code   RO         1004    .text.UART_Receive_IT  stm32f1xx_hal_uart.o
    0x08003906   0x08003906   0x00000002   PAD
    0x08003908   0x08003908   0x0000000c   Code   RO          108    .text.USART2_IRQHandler  stm32f1xx_it.o
    0x08003914   0x08003914   0x0000000c   Code   RO          110    .text.USART3_IRQHandler  stm32f1xx_it.o
    0x08003920   0x08003920   0x00000002   Code   RO          100    .text.UsageFault_Handler  stm32f1xx_it.o
    0x08003922   0x08003922   0x00000002   PAD
    0x08003924   0x08003924   0x00000014   Code   RO         1601    .text._sys_close    retarget_io.o
    0x08003938   0x08003938   0x00000002   Code   RO          144    .text._sys_exit     main.o
    0x0800393a   0x0800393a   0x00000002   PAD
    0x0800393c   0x0800393c   0x00000004   Code   RO         1613    .text._sys_flen     retarget_io.o
    0x08003940   0x08003940   0x00000010   Code   RO         1609    .text._sys_istty    retarget_io.o
    0x08003950   0x08003950   0x00000062   Code   RO         1599    .text._sys_open     retarget_io.o
    0x080039b2   0x080039b2   0x00000002   PAD
    0x080039b4   0x080039b4   0x00000006   Code   RO         1611    .text._sys_seek     retarget_io.o
    0x080039ba   0x080039ba   0x00000002   PAD
    0x080039bc   0x080039bc   0x0000002a   Code   RO         1603    .text._sys_write    retarget_io.o
    0x080039e6   0x080039e6   0x00000002   PAD
    0x080039e8   0x080039e8   0x00000004   Code   RO         1607    .text._ttywrch      retarget_io.o
    0x080039ec   0x080039ec   0x00000020   Code   RO           80    .text.fputc         usart.o
    0x08003a0c   0x08003a0c   0x0000010a   Code   RO          146    .text.main          main.o
    0x08003b16   0x08003b16   0x00000002   PAD
    0x08003b18   0x08003b18   0x00000034   Code   RO         1460    .text.osDelay       cmsis_os2.o
    0x08003b4c   0x08003b4c   0x0000003c   Code   RO         1400    .text.osKernelInitialize  cmsis_os2.o
    0x08003b88   0x08003b88   0x00000042   Code   RO         1406    .text.osKernelStart  cmsis_os2.o
    0x08003bca   0x08003bca   0x00000002   PAD
    0x08003bcc   0x08003bcc   0x000000f0   Code   RO         1422    .text.osThreadNew   cmsis_os2.o
    0x08003cbc   0x08003cbc   0x0000028a   Code   RO         1243    .text.prvAddNewTaskToReadyList  tasks.o
    0x08003f46   0x08003f46   0x00000002   PAD
    0x08003f48   0x08003f48   0x00000086   Code   RO         1275    .text.prvIdleTask   tasks.o
    0x08003fce   0x08003fce   0x00000002   PAD
    0x08003fd0   0x08003fd0   0x00000116   Code   RO         1241    .text.prvInitialiseNewTask  tasks.o
    0x080040e6   0x080040e6   0x00000002   PAD
    0x080040e8   0x080040e8   0x00000020   Code   RO         1575    .text.prvPortStartFirstTask  port.o
    0x08004108   0x08004108   0x0000003e   Code   RO         1567    .text.prvTaskExitError  port.o
    0x08004146   0x08004146   0x00000002   PAD
    0x08004148   0x08004148   0x0000034e   Code   RO         1356    .text.prvTimerTask  timers.o
    0x08004496   0x08004496   0x00000002   PAD
    0x08004498   0x08004498   0x00000074   Code   RO         1142    .text.prvUnlockQueue  queue.o
    0x0800450c   0x0800450c   0x00000200   Code   RO         1545    .text.pvPortMalloc  heap_4.o
    0x0800470c   0x0800470c   0x00000020   Code   RO         1565    .text.pxPortInitialiseStack  port.o
    0x0800472c   0x0800472c   0x00000024   Code   RO         1106    .text.uxListRemove  list.o
    0x08004750   0x08004750   0x0000001a   Code   RO         1528    .text.vApplicationGetIdleTaskMemory  cmsis_os2.o
    0x0800476a   0x0800476a   0x00000002   PAD
    0x0800476c   0x0800476c   0x0000001c   Code   RO         1530    .text.vApplicationGetTimerTaskMemory  cmsis_os2.o
    0x08004788   0x08004788   0x00000016   Code   RO         1098    .text.vListInitialise  list.o
    0x0800479e   0x0800479e   0x00000002   PAD
    0x080047a0   0x080047a0   0x00000006   Code   RO         1100    .text.vListInitialiseItem  list.o
    0x080047a6   0x080047a6   0x00000002   PAD
    0x080047a8   0x080047a8   0x00000062   Code   RO         1104    .text.vListInsert   list.o
    0x0800480a   0x0800480a   0x00000002   PAD
    0x0800480c   0x0800480c   0x0000001c   Code   RO         1102    .text.vListInsertEnd  list.o
    0x08004828   0x08004828   0x00000046   Code   RO         1579    .text.vPortEnterCritical  port.o
    0x0800486e   0x0800486e   0x00000002   PAD
    0x08004870   0x08004870   0x0000002e   Code   RO         1581    .text.vPortExitCritical  port.o
    0x0800489e   0x0800489e   0x00000002   PAD
    0x080048a0   0x080048a0   0x000000cc   Code   RO         1547    .text.vPortFree     heap_4.o
    0x0800496c   0x0800496c   0x00000034   Code   RO         1573    .text.vPortSetupTimerInterrupt  port.o
    0x080049a0   0x080049a0   0x000000b0   Code   RO         1176    .text.vQueueAddToRegistry  queue.o
    0x08004a50   0x08004a50   0x00000052   Code   RO         1180    .text.vQueueWaitForMessageRestricted  queue.o
    0x08004aa2   0x08004aa2   0x00000002   PAD
    0x08004aa4   0x08004aa4   0x00000080   Code   RO         1255    .text.vTaskDelay    tasks.o
    0x08004b24   0x08004b24   0x00000012   Code   RO         1303    .text.vTaskInternalSetTimeOutState  tasks.o
    0x08004b36   0x08004b36   0x00000002   PAD
    0x08004b38   0x08004b38   0x0000000e   Code   RO         1307    .text.vTaskMissedYield  tasks.o
    0x08004b46   0x08004b46   0x00000002   PAD
    0x08004b48   0x08004b48   0x00000074   Code   RO         1291    .text.vTaskPlaceOnEventList  tasks.o
    0x08004bbc   0x08004bbc   0x0000007a   Code   RO         1295    .text.vTaskPlaceOnEventListRestricted  tasks.o
    0x08004c36   0x08004c36   0x00000002   PAD
    0x08004c38   0x08004c38   0x000000ec   Code   RO         1273    .text.vTaskStartScheduler  tasks.o
    0x08004d24   0x08004d24   0x00000010   Code   RO         1251    .text.vTaskSuspendAll  tasks.o
    0x08004d34   0x08004d34   0x000000bc   Code   RO         1267    .text.vTaskSwitchContext  tasks.o
    0x08004df0   0x08004df0   0x0000012c   Code   RO         1571    .text.xPortStartScheduler  port.o
    0x08004f1c   0x08004f1c   0x000000da   Code   RO         1118    .text.xQueueGenericCreateStatic  queue.o
    0x08004ff6   0x08004ff6   0x00000002   PAD
    0x08004ff8   0x08004ff8   0x0000022a   Code   RO         1132    .text.xQueueGenericSend  queue.o
    0x08005222   0x08005222   0x00000002   PAD
    0x08005224   0x08005224   0x000001a2   Code   RO         1148    .text.xQueueReceive  queue.o
    0x080053c6   0x080053c6   0x00000002   PAD
    0x080053c8   0x080053c8   0x000000a2   Code   RO         1305    .text.xTaskCheckForTimeOut  tasks.o
    0x0800546a   0x0800546a   0x00000002   PAD
    0x0800546c   0x0800546c   0x00000060   Code   RO         1245    .text.xTaskCreate   tasks.o
    0x080054cc   0x080054cc   0x00000072   Code   RO         1239    .text.xTaskCreateStatic  tasks.o
    0x0800553e   0x0800553e   0x00000002   PAD
    0x08005540   0x08005540   0x0000001e   Code   RO         1319    .text.xTaskGetSchedulerState  tasks.o
    0x0800555e   0x0800555e   0x00000002   PAD
    0x08005560   0x08005560   0x0000000c   Code   RO         1281    .text.xTaskGetTickCount  tasks.o
    0x0800556c   0x0800556c   0x000000fc   Code   RO         1279    .text.xTaskIncrementTick  tasks.o
    0x08005668   0x08005668   0x0000008a   Code   RO         1323    .text.xTaskPriorityDisinherit  tasks.o
    0x080056f2   0x080056f2   0x00000002   PAD
    0x080056f4   0x080056f4   0x00000072   Code   RO         1297    .text.xTaskRemoveFromEventList  tasks.o
    0x08005766   0x08005766   0x00000002   PAD
    0x08005768   0x08005768   0x000000ee   Code   RO         1253    .text.xTaskResumeAll  tasks.o
    0x08005856   0x08005856   0x00000002   PAD
    0x08005858   0x08005858   0x000000b4   Code   RO         1354    .text.xTimerCreateTimerTask  timers.o
    0x0800590c   0x0800590c   0x00000010   Data   RO         1051    .rodata.AHBPrescTable  system_stm32f1xx.o
    0x0800591c   0x0800591c   0x00000008   Data   RO         1052    .rodata.APBPrescTable  system_stm32f1xx.o
    0x08005924   0x08005924   0x00000002   Data   RO          363    .rodata.HAL_RCC_GetSysClockFreq.aPredivFactorTable  stm32f1xx_hal_rcc.o
    0x08005926   0x08005926   0x00000008   Data   RO         1617    .rodata.__stderr_name  retarget_io.o
    0x0800592e   0x0800592e   0x00000007   Data   RO         1615    .rodata.__stdin_name  retarget_io.o
    0x08005935   0x08005935   0x00000008   Data   RO         1616    .rodata.__stdout_name  retarget_io.o
    0x0800593d   0x0800593d   0x00000010   Data   RO          362    .rodata.cst16       stm32f1xx_hal_rcc.o
    0x0800594d   0x0800594d   0x00000003   PAD
    0x08005950   0x08005950   0x00000024   Data   RO           25    .rodata.defaultTask_attributes  freertos.o
    0x08005974   0x08005974   0x0000000c   Data   RO           24    .rodata.str1.1      freertos.o
    0x08005980   0x08005980   0x00000008   Data   RO          154    .rodata.str1.1      main.o
    0x08005988   0x08005988   0x00000005   Data   RO         1390    .rodata.str1.1      timers.o
    0x0800598d   0x0800598d   0x00000003   PAD
    0x08005990   0x08005990   0x00000020   Data   RO         1984    Region$$Table       anon$$obj.o


    Execution Region RW_IRAM1 (Exec base: 0x20000000, Load base: 0x080059b0, Size: 0x00002280, Max: 0x00005000, ABSOLUTE)

    Exec Addr    Load Addr    Size         Type   Attr      Idx    E Section Name        Object

    0x20000000   0x080059b0   0x00000004   Data   RW         1686    .data               c_w.l(stdio_streams.o)
    0x20000004   0x080059b4   0x00000004   Data   RW         1687    .data               c_w.l(stdio_streams.o)
    0x20000008   0x080059b8   0x00000004   Data   RW         1688    .data               c_w.l(stdio_streams.o)
    0x2000000c   0x080059bc   0x00000008   Data   RW          325    .data..L_MergedGlobals  stm32f1xx_hal.o
    0x20000014   0x080059c4   0x00000004   Data   RW         1050    .data.SystemCoreClock  system_stm32f1xx.o
    0x20000018   0x080059c8   0x00000004   Data   RW         1589    .data.uxCriticalNesting  port.o
    0x2000001c   0x080059cc   0x00000004   PAD
    0x20000020        -       0x00000054   Zero   RW         1683    .bss                c_w.l(stdio_streams.o)
    0x20000074        -       0x00000054   Zero   RW         1684    .bss                c_w.l(stdio_streams.o)
    0x200000c8        -       0x00000054   Zero   RW         1685    .bss                c_w.l(stdio_streams.o)
    0x2000011c        -       0x00000060   Zero   RW         1865    .bss                c_w.l(libspace.o)
    0x2000017c        -       0x00000078   Zero   RW         1344    .bss..L_MergedGlobals  tasks.o
    0x200001f4        -       0x0000003c   Zero   RW         1391    .bss..L_MergedGlobals  timers.o
    0x20000230        -       0x00000018   Zero   RW         1556    .bss..L_MergedGlobals  heap_4.o
    0x20000248        -       0x00000008   Zero   RW         1590    .bss..L_MergedGlobals  port.o
    0x20000250        -       0x00000028   Zero   RW         1345    .bss..L_MergedGlobals.1  tasks.o
    0x20000278        -       0x00000200   Zero   RW         1534    .bss.Idle_Stack     cmsis_os2.o
    0x20000478        -       0x0000005c   Zero   RW         1533    .bss.Idle_TCB       cmsis_os2.o
    0x200004d4        -       0x00000004   Zero   RW         1532    .bss.KernelState    cmsis_os2.o
    0x200004d8        -       0x00000400   Zero   RW         1536    .bss.Timer_Stack    cmsis_os2.o
    0x200008d8        -       0x0000005c   Zero   RW         1535    .bss.Timer_TCB      cmsis_os2.o
    0x20000934        -       0x00000004   Zero   RW           26    .bss.defaultTaskHandle  freertos.o
    0x20000938        -       0x00000048   Zero   RW           61    .bss.htim1          tim.o
    0x20000980        -       0x00000048   Zero   RW           62    .bss.htim2          tim.o
    0x200009c8        -       0x00000048   Zero   RW           63    .bss.htim3          tim.o
    0x20000a10        -       0x00000048   Zero   RW          135    .bss.htim4          stm32f1xx_hal_timebase_tim.o
    0x20000a58        -       0x00000048   Zero   RW           82    .bss.huart2         usart.o
    0x20000aa0        -       0x00000048   Zero   RW           83    .bss.huart3         usart.o
    0x20000ae8        -       0x000000a0   Zero   RW         1389    .bss.prvCheckForValidListAndQueue.ucStaticTimerQueueStorage  timers.o
    0x20000b88        -       0x00000050   Zero   RW         1388    .bss.prvCheckForValidListAndQueue.xStaticTimerQueue  timers.o
    0x20000bd8        -       0x00000460   Zero   RW         1343    .bss.pxReadyTasksLists  tasks.o
    0x20001038        -       0x00000c00   Zero   RW         1555    .bss.ucHeap         heap_4.o
    0x20001c38        -       0x00000004   Zero   RW          324    .bss.uwTick         stm32f1xx_hal.o
    0x20001c3c        -       0x00000040   Zero   RW         1182    .bss.xQueueRegistry  queue.o
    0x20001c7c   0x080059cc   0x00000004   PAD
    0x20001c80        -       0x00000200   Zero   RW            2    HEAP                startup_stm32f103xb.o
    0x20001e80        -       0x00000400   Zero   RW            1    STACK               startup_stm32f103xb.o


==============================================================================

Image component sizes


      Code (inc. data)   RO Data    RW Data    ZI Data      Debug   Object Name

       472          0          0          0       1724      39818   cmsis_os2.o
        64          0         48          0          4       3109   freertos.o
       312          0          0          0          0       1695   gpio.o
       716          0          0          0       3096       4467   heap_4.o
       190          0          0          0          0       2311   list.o
       298          0          8          0          0      25736   main.o
       744         12          0          4          8       3953   port.o
      1564          0          0          0         64      27533   queue.o
       190          0         23          0          0       2794   retarget_io.o
        64         26        236          0       1536        788   startup_stm32f103xb.o
       116          0          0          8          4       5734   stm32f1xx_hal.o
       156          0          0          0          0       8492   stm32f1xx_hal_cortex.o
       248          0          0          0          0       8431   stm32f1xx_hal_dma.o
       564         22          0          0          0       4562   stm32f1xx_hal_gpio.o
        80          0          0          0          0       2364   stm32f1xx_hal_msp.o
      1536          0         18          0          0       7664   stm32f1xx_hal_rcc.o
       266          0          0          0          0       3565   stm32f1xx_hal_rcc_ex.o
      3172         18          0          0          0      55151   stm32f1xx_hal_tim.o
       202          0          0          0          0      20718   stm32f1xx_hal_tim_ex.o
       188          0          0          0         72       5843   stm32f1xx_hal_timebase_tim.o
      2508          0          0          0          0      32323   stm32f1xx_hal_uart.o
        60          0          0          0          0       5439   stm32f1xx_it.o
         2          0         24          4          0       1614   system_stm32f1xx.o
      3056          8          0          0       1280      41948   tasks.o
      1050          0          0          0        216       8356   tim.o
      1026          8          5          0        300      15355   timers.o
       378          0          0          0        144       6120   usart.o

    ----------------------------------------------------------------------
     19392        106        400         16       8456     345883   Object Totals
         0          0         32          0          0          0   (incl. Generated)
       170         12          6          0          8          0   (incl. Padding)

    ----------------------------------------------------------------------

      Code (inc. data)   RO Data    RW Data    ZI Data      Debug   Library Member Name

         8          0          0          0          0         68   __main.o
       104          0          0          0          0         84   __printf.o
         0          0          0          0          0          0   __rtentry.o
        12          0          0          0          0          0   __rtentry2.o
         6          0          0          0          0          0   __rtentry4.o
        52          8          0          0          0          0   __scatter.o
        26          0          0          0          0          0   __scatter_copy.o
        28          0          0          0          0          0   __scatter_zi.o
        48          6          0          0          0         96   _printf_char_common.o
        36          4          0          0          0         80   _printf_char_file.o
         6          0          0          0          0          0   _printf_d.o
       120         16          0          0          0         92   _printf_dec.o
       178          0          0          0          0         88   _printf_intcommon.o
         0          0          0          0          0          0   _printf_percent.o
         4          0          0          0          0          0   _printf_percent_end.o
        16          0          0          0          0         68   aeabi_memset4.o
        10          0          0          0          0         68   defsig_exit.o
        50          0          0          0          0         88   defsig_general.o
        80         58          0          0          0         76   defsig_rtmem_inner.o
        14          0          0          0          0         80   defsig_rtmem_outer.o
        52         38          0          0          0         76   defsig_rtred_inner.o
        14          0          0          0          0         80   defsig_rtred_outer.o
        18          0          0          0          0         80   exit.o
        76          0          0          0          0         88   fclose.o
         8          0          0          0          0         68   ferror.o
       240          6          0          0          0        128   fopen.o
       248          6          0          0          0         84   fseek.o
        66          0          0          0          0         76   ftell.o
        94          0          0          0          0         80   h1_alloc.o
        52          0          0          0          0         68   h1_extend.o
        78          0          0          0          0         80   h1_free.o
        14          0          0          0          0         84   h1_init.o
         6          0          0          0          0        152   heapauxi.o
         4          0          0          0          0        136   hguard.o
       138          0          0          0          0        168   init_alloc.o
       312         46          0          0          0        112   initio.o
         2          0          0          0          0          0   libinit.o
        14          0          0          0          0          0   libinit2.o
         2          0          0          0          0          0   libshutdown.o
         6          0          0          0          0          0   libshutdown2.o
         8          4          0          0         96         68   libspace.o
         0          0          0          0          0          0   maybetermalloc1.o
        24          4          0          0          0         84   noretval__2printf.o
         8          4          0          0          0         68   rt_errno_addr_intlibspace.o
         8          4          0          0          0         68   rt_heap_descriptor_intlibspace.o
        78          0          0          0          0         80   rt_memclr_w.o
       138          0          0          0          0         68   rt_memcpy_v6.o
       100          0          0          0          0         80   rt_memcpy_w.o
         2          0          0          0          0          0   rtexit.o
        10          0          0          0          0          0   rtexit2.o
        70          0          0          0          0         80   setvbuf.o
       264          6          0          0          0        160   stdio.o
         0          0          0         12        252          0   stdio_streams.o
       128          0          0          0          0         68   strcmpv7m.o
        74          0          0          0          0         80   sys_stackheap_outer.o
         2          0          0          0          0         68   use_no_semi.o
         2          0          0          0          0         68   use_no_semi_2.o

    ----------------------------------------------------------------------
      3168        210          0         12        348       3488   Library Totals
        10          0          0          0          0          0   (incl. Padding)

    ----------------------------------------------------------------------

      Code (inc. data)   RO Data    RW Data    ZI Data      Debug   Library Name

      3158        210          0         12        348       3488   c_w.l

    ----------------------------------------------------------------------
      3168        210          0         12        348       3488   Library Totals

    ----------------------------------------------------------------------

==============================================================================


      Code (inc. data)   RO Data    RW Data    ZI Data      Debug   

     22560        316        400         28       8804     346995   Grand Totals
     22560        316        400         28       8804     346995   ELF Image Totals
     22560        316        400         28          0          0   ROM Totals

==============================================================================

    Total RO  Size (Code + RO Data)                22960 (  22.42kB)
    Total RW  Size (RW Data + ZI Data)              8832 (   8.62kB)
    Total ROM Size (Code + RO Data + RW Data)      22988 (  22.45kB)

==============================================================================

